Archive member included to satisfy reference by file (symbol)

.pio/build/stm32_canbus/libd05/libSPI.a(SPI.cpp.o)
                              .pio/build/stm32_canbus/src/main.cpp.o (SPIClass::begin(SPIDeviceMode))
.pio/build/stm32_canbus/libd05/libSPI.a(spi_com.c.o)
                              .pio/build/stm32_canbus/libd05/libSPI.a(SPI.cpp.o) (spi_getClkFreq)
.pio/build/stm32_canbus/lib6d4/libSerialFlash.a(SerialFlashChip.cpp.o)
                              .pio/build/stm32_canbus/src/main.cpp.o (SerialFlashChip::begin(unsigned char))
.pio/build/stm32_canbus/libd25/libAimLogger.a(logger.cpp.o)
                              .pio/build/stm32_canbus/src/main.cpp.o (Logger::log(LogLevel, char const*, ...))
.pio/build/stm32_canbus/lib067/libAimNetwork.a(aim_can_driver.cpp.o)
                              .pio/build/stm32_canbus/src/main.cpp.o (AimCanDriver::AimCanDriver(unsigned char, unsigned long, CAN_TypeDef*))
.pio/build/stm32_canbus/lib067/libAimNetwork.a(aim_network.cpp.o)
                              .pio/build/stm32_canbus/src/main.cpp.o (AimNetwork::AimNetwork(AimCanDriver*, unsigned char))
.pio/build/stm32_canbus/lib067/libAimNetwork.a(aim_safety.cpp.o)
                              .pio/build/stm32_canbus/src/console.cpp.o (aimSafetyHalt(char const*, int, unsigned long))
.pio/build/stm32_canbus/lib067/libAimNetwork.a(aim_stm32_can_core.cpp.o)
                              .pio/build/stm32_canbus/lib067/libAimNetwork.a(aim_can_driver.cpp.o) (AimStm32CanCore::AimStm32CanCore(unsigned long, CAN_TypeDef*))
.pio/build/stm32_canbus/libaef/libAimFlashTable.a(flash_table.cpp.o)
                              .pio/build/stm32_canbus/src/main.cpp.o (FlashTable::FlashTable(SerialFlashChip*, unsigned char, unsigned short, unsigned long, unsigned char, unsigned short, unsigned long*, unsigned char*))
.pio/build/stm32_canbus/lib0e8/libIWatchdog.a(IWatchdog.cpp.o)
                              .pio/build/stm32_canbus/src/main.cpp.o (IWatchdogClass::begin(unsigned long, unsigned long))
.pio/build/stm32_canbus/lib571/libSoftwareSerial.a(SoftwareSerial.cpp.o)
                              .pio/build/stm32_canbus/src/main.cpp.o (SoftwareSerial::read())
.pio/build/stm32_canbus/libFrameworkArduino.a(HardwareSerial.cpp.o)
                              .pio/build/stm32_canbus/libaef/libAimFlashTable.a(flash_table.cpp.o) (Serial2)
.pio/build/stm32_canbus/libFrameworkArduino.a(Print.cpp.o)
                              .pio/build/stm32_canbus/lib571/libSoftwareSerial.a(SoftwareSerial.cpp.o) (Print::write(unsigned char const*, unsigned int))
.pio/build/stm32_canbus/libFrameworkArduino.a(Stream.cpp.o)
                              .pio/build/stm32_canbus/lib571/libSoftwareSerial.a(SoftwareSerial.cpp.o) (Stream::readBytes(char*, unsigned int))
.pio/build/stm32_canbus/libFrameworkArduino.a(WString.cpp.o)
                              .pio/build/stm32_canbus/libFrameworkArduino.a(Stream.cpp.o) (String::String(char const*))
.pio/build/stm32_canbus/libFrameworkArduino.a(dtostrf.c.o)
                              .pio/build/stm32_canbus/libFrameworkArduino.a(WString.cpp.o) (dtostrf)
.pio/build/stm32_canbus/libFrameworkArduino.a(itoa.c.o)
                              .pio/build/stm32_canbus/libFrameworkArduino.a(WString.cpp.o) (ltoa)
.pio/build/stm32_canbus/libFrameworkArduino.a(main.cpp.o)
                              c:/users/liamd/.platformio/packages/toolchain-gccarmnoneeabi/bin/../lib/gcc/arm-none-eabi/12.3.1/../../../../arm-none-eabi/lib/thumb/v7-m/nofp/crt0.o (main)
.pio/build/stm32_canbus/libFrameworkArduino.a(pins_arduino.c.o)
                              .pio/build/stm32_canbus/SrcWrapper/src/HardwareTimer.cpp.o (pinNametoDigitalPin)
.pio/build/stm32_canbus/libFrameworkArduino.a(startup_stm32yyxx.S.o)
                              (Reset_Handler)
.pio/build/stm32_canbus/libFrameworkArduino.a(wiring_digital.c.o)
                              .pio/build/stm32_canbus/SrcWrapper/src/HardwareTimer.cpp.o (pinMode)
.pio/build/stm32_canbus/libFrameworkArduino.a(wiring_time.c.o)
                              .pio/build/stm32_canbus/src/main.cpp.o (millis)
.pio/build/stm32_canbus/libFrameworkArduino.a(WSerial.cpp.o)
                              .pio/build/stm32_canbus/libFrameworkArduino.a(main.cpp.o) (serialEventRun())
.pio/build/stm32_canbus/libFrameworkArduino.a(board.c.o)
                              .pio/build/stm32_canbus/libFrameworkArduino.a(main.cpp.o) (init)
.pio/build/stm32_canbus/libFrameworkArduino.a(hooks.c.o)
                              .pio/build/stm32_canbus/libFrameworkArduino.a(wiring_time.c.o) (yield)
.pio/build/stm32_canbus/libFrameworkArduino.a(wiring_analog.c.o)
                              .pio/build/stm32_canbus/libFrameworkArduino.a(wiring_digital.c.o) (g_anOutputPinConfigured)
c:/users/liamd/.platformio/packages/toolchain-gccarmnoneeabi/bin/../lib/gcc/arm-none-eabi/12.3.1/thumb/v7-m/nofp\libgcc.a(_arm_muldf3.o)
[...]
Memory Configuration

Name             Origin             Length             Attributes
*default*        0x00000000         0xffffffff
RAM              0x20000000         0x00005000         xrw
FLASH            0x08000000         0x00020000         xr

Linker script and memory map

                0x20005000                        _estack = (ORIGIN (RAM) + LENGTH (RAM))
                0x00000200                        _Min_Heap_Size = 0x200
                0x00000400                        _Min_Stack_Size = 0x400

.isr_vector     0x08000000      0x10c
                0x08000000                        . = ALIGN (0x4)
 *(.isr_vector)
 .isr_vector    0x08000000      0x10c .pio/build/stm32_canbus/libFrameworkArduino.a(startup_stm32yyxx.S.o)
                0x08000000                g_pfnVectors
                0x0800010c                        . = ALIGN (0x4)

.text           0x0800010c     0x788c
                0x0800010c                        . = ALIGN (0x4)
 *(.text)
 .text          0x0800010c      0x21c c:/users/liamd/.platformio/packages/toolchain-gccarmnoneeabi/bin/../lib/gcc/arm-none-eabi/12.3.1/thumb/v7-m/nofp\libgcc.a(_arm_addsubsf3.o)
                0x0800010c                __aeabi_frsub
                0x08000114                __subsf3
                0x08000114                __aeabi_fsub
                0x08000118                __aeabi_fadd
                0x08000118                __addsf3
                0x08000278                __aeabi_ui2f
                0x08000278                __floatunsisf
                0x08000280                __aeabi_i2f
                0x08000280                __floatsisf
                0x0800029c                __aeabi_ul2f
                0x0800029c                __floatundisf
                0x080002ac                __aeabi_l2f
                0x080002ac                __floatdisf
 .text          0x08000328      0x2a0 c:/users/liamd/.platformio/packages/toolchain-gccarmnoneeabi/bin/../lib/gcc/arm-none-eabi/12.3.1/thumb/v7-m/nofp\libgcc.a(_arm_muldivsf3.o)
                0x08000328                __mulsf3
                0x08000328                __aeabi_fmul
                0x08000490                __aeabi_fdiv
                0x08000490                __divsf3
 .text          0x080005c8       0xec c:/users/liamd/.platformio/packages/toolchain-gccarmnoneeabi/bin/../lib/gcc/arm-none-eabi/12.3.1/thumb/v7-m/nofp\libgcc.a(_arm_cmpsf2.o)
                0x080005c8                __gesf2
                0x080005c8                __gtsf2
                0x080005d0                __lesf2
                0x080005d0                __ltsf2
                0x080005d8                __nesf2
                0x080005d8                __eqsf2
                0x080005d8                __cmpsf2
                0x08000638                __aeabi_cfrcmple
                0x08000640                __aeabi_cfcmpeq
                0x08000640                __aeabi_cfcmple
                0x08000650                __aeabi_fcmpeq
                0x08000664                __aeabi_fcmplt
                0x08000678                __aeabi_fcmple
                0x0800068c                __aeabi_fcmpge
                0x080006a0                __aeabi_fcmpgt
 .text          0x080006b4       0x40 c:/users/liamd/.platformio/packages/toolchain-gccarmnoneeabi/bin/../lib/gcc/arm-none-eabi/12.3.1/thumb/v7-m/nofp\libgcc.a(_arm_fixunssfsi.o)
                0x080006b4                __fixunssfsi
                0x080006b4                __aeabi_f2uiz
 .text          0x080006f4       0x10 c:/users/liamd/.platformio/packages/toolchain-gccarmnoneeabi/bin/../lib/gcc/arm-none-eabi/12.3.1/../../../../arm-none-eabi/lib/thumb/v7-m/nofp\libc_nano.a(libc_a-strlen.o)
                0x080006f4                strlen
 *(.text*)
 .text.__do_global_dtors_aux
                0x08000704       0x24 c:/users/liamd/.platformio/packages/toolchain-gccarmnoneeabi/bin/../lib/gcc/arm-none-eabi/12.3.1/thumb/v7-m/nofp/crtbegin.o
 .text.frame_dummy
                0x08000728       0x1c c:/users/liamd/.platformio/packages/toolchain-gccarmnoneeabi/bin/../lib/gcc/arm-none-eabi/12.3.1/thumb/v7-m/nofp/crtbegin.o
 .text.SystemClock_Config
                0x08000744       0x56 .pio/build/stm32_canbus/FrameworkArduinoVariant/generic_clock.c.o
                0x08000744                SystemClock_Config
 .text.HAL_MspInit
                0x0800079a        0x2 .pio/build/stm32_canbus/SrcWrapper/src/HAL/stm32yyxx_hal.c.o
                0x0800079a                HAL_MspInit
 .text.HAL_InitTick
                0x0800079c       0x48 .pio/build/stm32_canbus/SrcWrapper/src/HAL/stm32yyxx_hal.c.o
                0x0800079c                HAL_InitTick
 .text.HAL_Init
                0x080007e4       0x24 .pio/build/stm32_canbus/SrcWrapper/src/HAL/stm32yyxx_hal.c.o
                0x080007e4                HAL_Init
 .text.HAL_IncTick
                0x08000808       0x18 .pio/build/stm32_canbus/SrcWrapper/src/HAL/stm32yyxx_hal.c.o
                0x08000808                HAL_IncTick
 .text.HAL_GetTick
                0x08000820        0xc .pio/build/stm32_canbus/SrcWrapper/src/HAL/stm32yyxx_hal.c.o
                0x08000820                HAL_GetTick
 .text.HAL_CAN_Init
                0x0800082c       0xf6 .pio/build/stm32_canbus/SrcWrapper/src/HAL/stm32yyxx_hal_can.c.o
                0x0800082c                HAL_CAN_Init
 .text.HAL_CAN_ConfigFilter
                0x08000922       0xe0 .pio/build/stm32_canbus/SrcWrapper/src/HAL/stm32yyxx_hal_can.c.o
                0x08000922                HAL_CAN_ConfigFilter
 .text.HAL_CAN_Start
                0x08000a02       0x56 .pio/build/stm32_canbus/SrcWrapper/src/HAL/stm32yyxx_hal_can.c.o
                0x08000a02                HAL_CAN_Start
 .text.HAL_CAN_AddTxMessage
                0x08000a58       0x92 .pio/build/stm32_canbus/SrcWrapper/src/HAL/stm32yyxx_hal_can.c.o
                0x08000a58                HAL_CAN_AddTxMessage
 .text.HAL_CAN_GetTxMailboxesFreeLevel
                0x08000aea       0x28 .pio/build/stm32_canbus/SrcWrapper/src/HAL/stm32yyxx_hal_can.c.o
                0x08000aea                HAL_CAN_GetTxMailboxesFreeLevel
 .text.HAL_CAN_GetRxMessage
                0x08000b12       0xf8 .pio/build/stm32_canbus/SrcWrapper/src/HAL/stm32yyxx_hal_can.c.o
                0x08000b12                HAL_CAN_GetRxMessage
 .text.HAL_CAN_GetRxFifoFillLevel
                0x08000c0a       0x1e .pio/build/stm32_canbus/SrcWrapper/src/HAL/stm32yyxx_hal_can.c.o
                0x08000c0a                HAL_CAN_GetRxFifoFillLevel
 .text.HAL_CAN_ActivateNotification
                0x08000c28       0x22 .pio/build/stm32_canbus/SrcWrapper/src/HAL/stm32yyxx_hal_can.c.o
                0x08000c28                HAL_CAN_ActivateNotification
 .text.HAL_CAN_GetError
                0x08000c4a        0x4 .pio/build/stm32_canbus/SrcWrapper/src/HAL/stm32yyxx_hal_can.c.o
                0x08000c4a                HAL_CAN_GetError
 *fill*         0x08000c4e        0x2 
 .text.HAL_NVIC_SetPriorityGrouping
                0x08000c50       0x24 .pio/build/stm32_canbus/SrcWrapper/src/HAL/stm32yyxx_hal_cortex.c.o
                0x08000c50                HAL_NVIC_SetPriorityGrouping
 .text.HAL_NVIC_SetPriority
                0x08000c74       0x60 .pio/build/stm32_canbus/SrcWrapper/src/HAL/stm32yyxx_hal_cortex.c.o
                0x08000c74                HAL_NVIC_SetPriority
 .text.HAL_NVIC_EnableIRQ
                0x08000cd4       0x1c .pio/build/stm32_canbus/SrcWrapper/src/HAL/stm32yyxx_hal_cortex.c.o
                0x08000cd4                HAL_NVIC_EnableIRQ
 .text.HAL_NVIC_DisableIRQ
                0x08000cf0       0x24 .pio/build/stm32_canbus/SrcWrapper/src/HAL/stm32yyxx_hal_cortex.c.o
                0x08000cf0                HAL_NVIC_DisableIRQ
 .text.HAL_SYSTICK_Config
                0x08000d14       0x28 .pio/build/stm32_canbus/SrcWrapper/src/HAL/stm32yyxx_hal_cortex.c.o
                0x08000d14                HAL_SYSTICK_Config
 .text.HAL_NVIC_ClearPendingIRQ
                0x08000d3c       0x1c .pio/build/stm32_canbus/SrcWrapper/src/HAL/stm32yyxx_hal_cortex.c.o
                0x08000d3c                HAL_NVIC_ClearPendingIRQ
 .text.HAL_SYSTICK_Callback
                0x08000d58        0x2 .pio/build/stm32_canbus/SrcWrapper/src/HAL/stm32yyxx_hal_cortex.c.o
                0x08000d58                HAL_SYSTICK_Callback
 .text.HAL_SYSTICK_IRQHandler
                0x08000d5a        0x8 .pio/build/stm32_canbus/SrcWrapper/src/HAL/stm32yyxx_hal_cortex.c.o
                0x08000d5a                HAL_SYSTICK_IRQHandler
 .text.HAL_CRC_MspInit
                0x08000d62        0x2 .pio/build/stm32_canbus/SrcWrapper/src/HAL/stm32yyxx_hal_crc.c.o
                0x08000d62                HAL_CRC_MspInit
 .text.HAL_CRC_Init
                0x08000d64       0x20 .pio/build/stm32_canbus/SrcWrapper/src/HAL/stm32yyxx_hal_crc.c.o
                0x08000d64                HAL_CRC_Init
 .text.HAL_DMA_Abort
                0x08000d84       0x3e .pio/build/stm32_canbus/SrcWrapper/src/HAL/stm32yyxx_hal_dma.c.o
                0x08000d84                HAL_DMA_Abort
 *fill*         0x08000dc2        0x2 
 .text.HAL_DMA_Abort_IT
                0x08000dc4       0x8c .pio/build/stm32_canbus/SrcWrapper/src/HAL/stm32yyxx_hal_dma.c.o
                0x08000dc4                HAL_DMA_Abort_IT
 .text.HAL_GPIO_Init
                0x08000e50      0x1b0 .pio/build/stm32_canbus/SrcWrapper/src/HAL/stm32yyxx_hal_gpio.c.o
                0x08000e50                HAL_GPIO_Init
 .text.HAL_GPIO_EXTI_IRQHandler
                0x08001000       0x18 .pio/build/stm32_canbus/SrcWrapper/src/HAL/stm32yyxx_hal_gpio.c.o
                0x08001000                HAL_GPIO_EXTI_IRQHandler
 .text.HAL_RCC_OscConfig
                0x08001018      0x338 .pio/build/stm32_canbus/SrcWrapper/src/HAL/stm32yyxx_hal_rcc.c.o
                0x08001018                HAL_RCC_OscConfig
 .text.HAL_RCC_GetSysClockFreq
                0x08001350       0x58 .pio/build/stm32_canbus/SrcWrapper/src/HAL/stm32yyxx_hal_rcc.c.o
                0x08001350                HAL_RCC_GetSysClockFreq
 .text.HAL_RCC_ClockConfig
                0x080013a8      0x138 .pio/build/stm32_canbus/SrcWrapper/src/HAL/stm32yyxx_hal_rcc.c.o
                0x080013a8                HAL_RCC_ClockConfig
 .text.HAL_RCC_GetPCLK1Freq
                0x080014e0       0x20 .pio/build/stm32_canbus/SrcWrapper/src/HAL/stm32yyxx_hal_rcc.c.o
                0x080014e0                HAL_RCC_GetPCLK1Freq
 .text.HAL_RCC_GetPCLK2Freq
                0x08001500       0x20 .pio/build/stm32_canbus/SrcWrapper/src/HAL/stm32yyxx_hal_rcc.c.o
                0x08001500                HAL_RCC_GetPCLK2Freq
 .text.HAL_RCC_GetClockConfig
                0x08001520       0x3c .pio/build/stm32_canbus/SrcWrapper/src/HAL/stm32yyxx_hal_rcc.c.o
                0x08001520                HAL_RCC_GetClockConfig
 .text.HAL_SPI_MspInit
                0x0800155c        0x2 .pio/build/stm32_canbus/SrcWrapper/src/HAL/stm32yyxx_hal_spi.c.o
                0x0800155c                HAL_SPI_MspInit
 .text.HAL_SPI_Init
                0x0800155e       0xb0 .pio/build/stm32_canbus/SrcWrapper/src/HAL/stm32yyxx_hal_spi.c.o
                0x0800155e                HAL_SPI_Init
 *fill*         0x0800160e        0x2 
 .text.HAL_TIM_Base_Start
                0x08001610       0x4c .pio/build/stm32_canbus/SrcWrapper/src/HAL/stm32yyxx_hal_tim.c.o
                0x08001610                HAL_TIM_Base_Start
 .text.HAL_TIM_Base_Stop
                0x0800165c       0x28 .pio/build/stm32_canbus/SrcWrapper/src/HAL/stm32yyxx_hal_tim.c.o
                0x0800165c                HAL_TIM_Base_Stop
 .text.HAL_TIM_GenerateEvent
                0x08001684       0x24 .pio/build/stm32_canbus/SrcWrapper/src/HAL/stm32yyxx_hal_tim.c.o
                0x08001684                HAL_TIM_GenerateEvent
 .text.HAL_TIM_PWM_PulseFinishedCallback
                0x080016a8        0x2 .pio/build/stm32_canbus/SrcWrapper/src/HAL/stm32yyxx_hal_tim.c.o
                0x080016a8                HAL_TIM_PWM_PulseFinishedCallback
 .text.HAL_TIM_TriggerCallback
                0x080016aa        0x2 .pio/build/stm32_canbus/SrcWrapper/src/HAL/stm32yyxx_hal_tim.c.o
                0x080016aa                HAL_TIM_TriggerCallback
 .text.HAL_TIM_IRQHandler
                0x080016ac      0x128 .pio/build/stm32_canbus/SrcWrapper/src/HAL/stm32yyxx_hal_tim.c.o
                0x080016ac                HAL_TIM_IRQHandler
 .text.TIM_Base_SetConfig
                0x080017d4       0x64 .pio/build/stm32_canbus/SrcWrapper/src/HAL/stm32yyxx_hal_tim.c.o
                0x080017d4                TIM_Base_SetConfig
 .text.HAL_TIM_Base_Init
                0x08001838       0x58 .pio/build/stm32_canbus/SrcWrapper/src/HAL/stm32yyxx_hal_tim.c.o
                0x08001838                HAL_TIM_Base_Init
 .text.TIM_CCxChannelCmd
                0x08001890       0x1c .pio/build/stm32_canbus/SrcWrapper/src/HAL/stm32yyxx_hal_tim.c.o
                0x08001890                TIM_CCxChannelCmd
 .text.HAL_TIM_OC_Start
                0x080018ac       0x98 .pio/build/stm32_canbus/SrcWrapper/src/HAL/stm32yyxx_hal_tim.c.o
                0x080018ac                HAL_TIM_OC_Start
 .text.HAL_TIM_PWM_Start
                0x08001944        0x4 .pio/build/stm32_canbus/SrcWrapper/src/HAL/stm32yyxx_hal_tim.c.o
                0x08001944                HAL_TIM_PWM_Start
 .text.HAL_TIM_IC_Start
                0x08001948       0xd0 .pio/build/stm32_canbus/SrcWrapper/src/HAL/stm32yyxx_hal_tim.c.o
                0x08001948                HAL_TIM_IC_Start
 .text.TIM_CCxNChannelCmd
                0x08001a18       0x1c .pio/build/stm32_canbus/SrcWrapper/src/HAL/stm32yyxx_hal_tim_ex.c.o
 .text.HAL_TIMEx_OCN_Start
                0x08001a34       0x94 .pio/build/stm32_canbus/SrcWrapper/src/HAL/stm32yyxx_hal_tim_ex.c.o
                0x08001a34                HAL_TIMEx_OCN_Start
 .text.HAL_TIMEx_PWMN_Start
                0x08001ac8        0x4 .pio/build/stm32_canbus/SrcWrapper/src/HAL/stm32yyxx_hal_tim_ex.c.o
                0x08001ac8                HAL_TIMEx_PWMN_Start
 .text.HAL_TIMEx_CommutCallback
                0x08001acc        0x2 .pio/build/stm32_canbus/SrcWrapper/src/HAL/stm32yyxx_hal_tim_ex.c.o
                0x08001acc                HAL_TIMEx_CommutCallback
 .text.HAL_TIMEx_BreakCallback
                0x08001ace        0x2 .pio/build/stm32_canbus/SrcWrapper/src/HAL/stm32yyxx_hal_tim_ex.c.o
                0x08001ace                HAL_TIMEx_BreakCallback
 .text.UART_EndRxTransfer
                0x08001ad0       0x5c .pio/build/stm32_canbus/SrcWrapper/src/HAL/stm32yyxx_hal_uart.c.o
 .text.HAL_UART_Transmit_IT
                0x08001b2c       0x32 .pio/build/stm32_canbus/SrcWrapper/src/HAL/stm32yyxx_hal_uart.c.o
                0x08001b2c                HAL_UART_Transmit_IT
 .text.UART_DMAAbortOnError
                0x08001b5e       0x10 .pio/build/stm32_canbus/SrcWrapper/src/HAL/stm32yyxx_hal_uart.c.o
 .text.HAL_UARTEx_RxEventCallback
                0x08001b6e        0x2 .pio/build/stm32_canbus/SrcWrapper/src/HAL/stm32yyxx_hal_uart.c.o
                0x08001b6e                HAL_UARTEx_RxEventCallback
 .text.UART_Receive_IT.isra.0
                0x08001b70       0xb6 .pio/build/stm32_canbus/SrcWrapper/src/HAL/stm32yyxx_hal_uart.c.o
 *fill*         0x08001c26        0x2 
 .text.HAL_UART_IRQHandler
                0x08001c28      0x2d8 .pio/build/stm32_canbus/SrcWrapper/src/HAL/stm32yyxx_hal_uart.c.o
                0x08001c28                HAL_UART_IRQHandler
 .text.HAL_HalfDuplex_EnableTransmitter
                0x08001f00       0x30 .pio/build/stm32_canbus/SrcWrapper/src/HAL/stm32yyxx_hal_uart.c.o
                0x08001f00                HAL_HalfDuplex_EnableTransmitter
 .text.HAL_HalfDuplex_EnableReceiver
                0x08001f30       0x30 .pio/build/stm32_canbus/SrcWrapper/src/HAL/stm32yyxx_hal_uart.c.o
                0x08001f30                HAL_HalfDuplex_EnableReceiver
 .text.HAL_UART_GetState
                0x08001f60        0xc .pio/build/stm32_canbus/SrcWrapper/src/HAL/stm32yyxx_hal_uart.c.o
                0x08001f60                HAL_UART_GetState
 .text.UART_Start_Receive_IT
                0x08001f6c       0x32 .pio/build/stm32_canbus/SrcWrapper/src/HAL/stm32yyxx_hal_uart.c.o
                0x08001f6c                UART_Start_Receive_IT
 .text.HAL_UART_Receive_IT
                0x08001f9e       0x22 .pio/build/stm32_canbus/SrcWrapper/src/HAL/stm32yyxx_hal_uart.c.o
                0x08001f9e                HAL_UART_Receive_IT
 .text._ZNSt8functionIFvvEEaSEDn.isra.0
                0x08001fc0       0x16 .pio/build/stm32_canbus/SrcWrapper/src/HardwareTimer.cpp.o
 .text._ZNSt14_Function_baseD2Ev
                0x08001fd6       0x12 .pio/build/stm32_canbus/SrcWrapper/src/HardwareTimer.cpp.o
                0x08001fd6                std::_Function_base::~_Function_base()
                0x08001fd6                std::_Function_base::~_Function_base()
 .text._ZN13HardwareTimer5pauseEv
                0x08001fe8       0x62 .pio/build/stm32_canbus/SrcWrapper/src/HardwareTimer.cpp.o
                0x08001fe8                HardwareTimer::pause()
 .text._ZN13HardwareTimer10getChannelEm
                0x0800204a        0xe .pio/build/stm32_canbus/SrcWrapper/src/HardwareTimer.cpp.o
                0x0800204a                HardwareTimer::getChannel(unsigned long)
 .text._ZN13HardwareTimer12getLLChannelEm
                0x08002058       0x44 .pio/build/stm32_canbus/SrcWrapper/src/HardwareTimer.cpp.o
                0x08002058                HardwareTimer::getLLChannel(unsigned long)
 .text._ZN13HardwareTimer5getITEm
                0x0800209c       0x14 .pio/build/stm32_canbus/SrcWrapper/src/HardwareTimer.cpp.o
                0x0800209c                HardwareTimer::getIT(unsigned long)
 .text._ZN13HardwareTimer20getAssociatedChannelEm
                0x080020b0       0x14 .pio/build/stm32_canbus/SrcWrapper/src/HardwareTimer.cpp.o
                0x080020b0                HardwareTimer::getAssociatedChannel(unsigned long)
 .text._ZN13HardwareTimer13resumeChannelEm
                0x080020c4       0xf6 .pio/build/stm32_canbus/SrcWrapper/src/HardwareTimer.cpp.o
                0x080020c4                HardwareTimer::resumeChannel(unsigned long)
 .text._ZN13HardwareTimer6resumeEv
                0x080021ba       0x4c .pio/build/stm32_canbus/SrcWrapper/src/HardwareTimer.cpp.o
                0x080021ba                HardwareTimer::resume()
 .text._ZN13HardwareTimer15detachInterruptEv
                0x08002206       0x10 .pio/build/stm32_canbus/SrcWrapper/src/HardwareTimer.cpp.o
                0x08002206                HardwareTimer::detachInterrupt()
 .text._ZN13HardwareTimer7refreshEv
                0x08002216        0x8 .pio/build/stm32_canbus/SrcWrapper/src/HardwareTimer.cpp.o
                0x08002216                HardwareTimer::refresh()
 .text._ZN13HardwareTimer9isRunningEv
                0x0800221e        0xa .pio/build/stm32_canbus/SrcWrapper/src/HardwareTimer.cpp.o
                0x0800221e                HardwareTimer::isRunning()
 .text._ZN13HardwareTimer27updateRegistersIfNotRunningEP11TIM_TypeDef
                0x08002228       0x3a .pio/build/stm32_canbus/SrcWrapper/src/HardwareTimer.cpp.o
                0x08002228                HardwareTimer::updateRegistersIfNotRunning(TIM_TypeDef*)
 .text._ZN13HardwareTimer17setPrescaleFactorEm
                0x08002262        0xc .pio/build/stm32_canbus/SrcWrapper/src/HardwareTimer.cpp.o
                0x08002262                HardwareTimer::setPrescaleFactor(unsigned long)
 *fill*         0x0800226e        0x2 
 .text._Z15get_timer_indexP11TIM_TypeDef
                0x08002270       0x34 .pio/build/stm32_canbus/SrcWrapper/src/HardwareTimer.cpp.o
                0x08002270                get_timer_index(TIM_TypeDef*)
 .text._ZN13HardwareTimerD2Ev
                0x080022a4       0x40 .pio/build/stm32_canbus/SrcWrapper/src/HardwareTimer.cpp.o
                0x080022a4                HardwareTimer::~HardwareTimer()
                0x080022a4                HardwareTimer::~HardwareTimer()
 .text._ZN13HardwareTimer5setupEP11TIM_TypeDef
                0x080022e4       0x84 .pio/build/stm32_canbus/SrcWrapper/src/HardwareTimer.cpp.o
                0x080022e4                HardwareTimer::setup(TIM_TypeDef*)
 .text._ZN13HardwareTimer15getTimerClkFreqEv
                0x08002368       0x58 .pio/build/stm32_canbus/SrcWrapper/src/HardwareTimer.cpp.o
                0x08002368                HardwareTimer::getTimerClkFreq()
 .text._ZN13HardwareTimer11setOverflowEm13TimerFormat_t
                0x080023c0       0x4c .pio/build/stm32_canbus/SrcWrapper/src/HardwareTimer.cpp.o
                0x080023c0                HardwareTimer::setOverflow(unsigned long, TimerFormat_t)
 .text._ZN13HardwareTimer8setCountEm13TimerFormat_t
                0x0800240c       0x40 .pio/build/stm32_canbus/SrcWrapper/src/HardwareTimer.cpp.o
                0x0800240c                HardwareTimer::setCount(unsigned long, TimerFormat_t)
 .text.TIM1_UP_IRQHandler
                0x0800244c       0x14 .pio/build/stm32_canbus/SrcWrapper/src/HardwareTimer.cpp.o
                0x0800244c                TIM1_UP_IRQHandler
 .text.TIM1_CC_IRQHandler
                0x08002460        0x4 .pio/build/stm32_canbus/SrcWrapper/src/HardwareTimer.cpp.o
                0x08002460                TIM1_CC_IRQHandler
 .text.TIM2_IRQHandler
                0x08002464       0x14 .pio/build/stm32_canbus/SrcWrapper/src/HardwareTimer.cpp.o
                0x08002464                TIM2_IRQHandler
 .text.TIM3_IRQHandler
                0x08002478       0x14 .pio/build/stm32_canbus/SrcWrapper/src/HardwareTimer.cpp.o
                0x08002478                TIM3_IRQHandler
 .text.TIM4_IRQHandler
                0x0800248c       0x14 .pio/build/stm32_canbus/SrcWrapper/src/HardwareTimer.cpp.o
                0x0800248c                TIM4_IRQHandler
 .text._ZNSt8functionIFvvEEC2Ev
                0x080024a0        0xc .pio/build/stm32_canbus/SrcWrapper/src/HardwareTimer.cpp.o
                0x080024a0                std::function<void ()>::function()
                0x080024a0                std::function<void ()>::function()
 .text._ZN13HardwareTimerC2EP11TIM_TypeDef
                0x080024ac       0x2a .pio/build/stm32_canbus/SrcWrapper/src/HardwareTimer.cpp.o
                0x080024ac                HardwareTimer::HardwareTimer(TIM_TypeDef*)
                0x080024ac                HardwareTimer::HardwareTimer(TIM_TypeDef*)
 .text._ZNSt8functionIFvvEEC2ERKS1_
                0x080024d6       0x24 .pio/build/stm32_canbus/SrcWrapper/src/HardwareTimer.cpp.o
                0x080024d6                std::function<void ()>::function(std::function<void ()> const&)
                0x080024d6                std::function<void ()>::function(std::function<void ()> const&)
 .text._ZNSt8functionIFvvEEaSERKS1_.isra.0
                0x080024fa       0x42 .pio/build/stm32_canbus/SrcWrapper/src/HardwareTimer.cpp.o
 .text._ZN13HardwareTimer15attachInterruptESt8functionIFvvEE
                0x0800253c       0x2e .pio/build/stm32_canbus/SrcWrapper/src/HardwareTimer.cpp.o
                0x0800253c                HardwareTimer::attachInterrupt(std::function<void ()>)
 .text._ZNKSt8functionIFvvEEclEv
                0x0800256a       0x12 .pio/build/stm32_canbus/SrcWrapper/src/HardwareTimer.cpp.o
                0x0800256a                std::function<void ()>::operator()() const
 .text._ZN13HardwareTimer14updateCallbackEP17TIM_HandleTypeDef
                0x0800257c       0x18 .pio/build/stm32_canbus/SrcWrapper/src/HardwareTimer.cpp.o
                0x0800257c                HardwareTimer::updateCallback(TIM_HandleTypeDef*)
 .text.HAL_TIM_PeriodElapsedCallback
                0x08002594        0x4 .pio/build/stm32_canbus/SrcWrapper/src/HardwareTimer.cpp.o
                0x08002594                HAL_TIM_PeriodElapsedCallback
 .text._ZN13HardwareTimer22captureCompareCallbackEP17TIM_HandleTypeDef
                0x08002598       0x3e .pio/build/stm32_canbus/SrcWrapper/src/HardwareTimer.cpp.o
                0x08002598                HardwareTimer::captureCompareCallback(TIM_HandleTypeDef*)
 .text.HAL_TIM_OC_DelayElapsedCallback
                0x080025d6        0x4 .pio/build/stm32_canbus/SrcWrapper/src/HardwareTimer.cpp.o
                0x080025d6                HAL_TIM_OC_DelayElapsedCallback
 .text.HAL_TIM_IC_CaptureCallback
                0x080025da        0x4 .pio/build/stm32_canbus/SrcWrapper/src/HardwareTimer.cpp.o
                0x080025da                HAL_TIM_IC_CaptureCallback
 .text._Znwj    0x080025de        0x4 .pio/build/stm32_canbus/SrcWrapper/src/new.cpp.o
                0x080025de                operator new(unsigned int)
 .text._ZdlPvj  0x080025e2        0x4 .pio/build/stm32_canbus/SrcWrapper/src/new.cpp.o
                0x080025e2                operator delete(void*, unsigned int)
 *fill*         0x080025e6        0x2 
 .text.set_GPIO_Port_Clock
                0x080025e8       0xa8 .pio/build/stm32_canbus/SrcWrapper/src/stm32/PortNames.c.o
                0x080025e8                set_GPIO_Port_Clock
 .text.pwm_stop
                0x08002690       0x5c .pio/build/stm32_canbus/SrcWrapper/src/stm32/analog.cpp.o
                0x08002690                pwm_stop
 .text.getCurrentMillis
                0x080026ec        0x4 .pio/build/stm32_canbus/SrcWrapper/src/stm32/clock.c.o
                0x080026ec                getCurrentMillis
 .text.noOsSystickHandler
                0x080026f0        0x2 .pio/build/stm32_canbus/SrcWrapper/src/stm32/clock.c.o
                0x080026f0                osSystickHandler
                0x080026f0                noOsSystickHandler
 .text.SysTick_Handler
                0x080026f2       0x10 .pio/build/stm32_canbus/SrcWrapper/src/stm32/clock.c.o
                0x080026f2                SysTick_Handler
 .text.configHSECapacitorTuning
                0x08002702        0x2 .pio/build/stm32_canbus/SrcWrapper/src/stm32/clock.c.o
                0x08002702                configHSECapacitorTuning
 .text.configIPClock
                0x08002704       0x44 .pio/build/stm32_canbus/SrcWrapper/src/stm32/clock.c.o
                0x08002704                configIPClock
 .text.dwt_init
                0x08002748       0x3c .pio/build/stm32_canbus/SrcWrapper/src/stm32/dwt.c.o
                0x08002748                dwt_init
 .text.hw_config_init
                0x08002784       0x24 .pio/build/stm32_canbus/SrcWrapper/src/stm32/hw_config.c.o
                0x08002784                hw_config_init
 .text._ZNSt17_Function_handlerIFvvEPS0_E10_M_managerERSt9_Any_dataRKS3_St18_Manager_operation
                0x080027a8       0x20 .pio/build/stm32_canbus/SrcWrapper/src/stm32/interrupt.cpp.o
                0x080027a8                std::_Function_handler<void (), void (*)()>::_M_manager(std::_Any_data&, std::_Any_data const&, std::_Manager_operation)
 .text._ZNSt17_Function_handlerIFvvEPS0_E9_M_invokeERKSt9_Any_data
                0x080027c8        0x4 .pio/build/stm32_canbus/SrcWrapper/src/stm32/interrupt.cpp.o
                0x080027c8                std::_Function_handler<void (), void (*)()>::_M_invoke(std::_Any_data const&)
 .text.startup._ZNSt8functionIFvvEEC2EDn.constprop.0.isra.0
                0x080027cc        0xc .pio/build/stm32_canbus/SrcWrapper/src/stm32/interrupt.cpp.o
 .text.HAL_GPIO_EXTI_Callback
                0x080027d8       0x2c .pio/build/stm32_canbus/SrcWrapper/src/stm32/interrupt.cpp.o
                0x080027d8                HAL_GPIO_EXTI_Callback
 .text.EXTI0_IRQHandler
                0x08002804        0x6 .pio/build/stm32_canbus/SrcWrapper/src/stm32/interrupt.cpp.o
                0x08002804                EXTI0_IRQHandler
 .text.EXTI1_IRQHandler
                0x0800280a        0x6 .pio/build/stm32_canbus/SrcWrapper/src/stm32/interrupt.cpp.o
                0x0800280a                EXTI1_IRQHandler
 .text.EXTI2_IRQHandler
                0x08002810        0x6 .pio/build/stm32_canbus/SrcWrapper/src/stm32/interrupt.cpp.o
                0x08002810                EXTI2_IRQHandler
 .text.EXTI3_IRQHandler
                0x08002816        0x6 .pio/build/stm32_canbus/SrcWrapper/src/stm32/interrupt.cpp.o
                0x08002816                EXTI3_IRQHandler
 .text.EXTI4_IRQHandler
                0x0800281c        0x6 .pio/build/stm32_canbus/SrcWrapper/src/stm32/interrupt.cpp.o
                0x0800281c                EXTI4_IRQHandler
 .text.EXTI9_5_IRQHandler
                0x08002822       0x16 .pio/build/stm32_canbus/SrcWrapper/src/stm32/interrupt.cpp.o
                0x08002822                EXTI9_5_IRQHandler
 .text.EXTI15_10_IRQHandler
                0x08002838       0x18 .pio/build/stm32_canbus/SrcWrapper/src/stm32/interrupt.cpp.o
                0x08002838                EXTI15_10_IRQHandler
 .text.startup._GLOBAL__sub_I__Z22stm32_interrupt_enable7PinNameSt8functionIFvvEEm
                0x08002850       0xd8 .pio/build/stm32_canbus/SrcWrapper/src/stm32/interrupt.cpp.o
 .text.exit._GLOBAL__sub_D__Z22stm32_interrupt_enable7PinNameSt8functionIFvvEEm
                0x08002928       0x1c .pio/build/stm32_canbus/SrcWrapper/src/stm32/interrupt.cpp.o
 .text.pin_SetF1AFPin
                0x08002944      0x1f8 .pio/build/stm32_canbus/SrcWrapper/src/stm32/pinmap.c.o
 .text.LL_GPIO_SetPinMode
                0x08002b3c       0x2c .pio/build/stm32_canbus/SrcWrapper/src/stm32/pinmap.c.o
 .text.LL_GPIO_SetPinOutputType
                0x08002b68       0x2c .pio/build/stm32_canbus/SrcWrapper/src/stm32/pinmap.c.o
 .text.pin_in_pinmap
                0x08002b94       0x1e .pio/build/stm32_canbus/SrcWrapper/src/stm32/pinmap.c.o
                0x08002b94                pin_in_pinmap
 *fill*         0x08002bb2        0x2 
 .text.pin_function
                0x08002bb4      0x18c .pio/build/stm32_canbus/SrcWrapper/src/stm32/pinmap.c.o
                0x08002bb4                pin_function
 .text.pinmap_pinout
                0x08002d40       0x1a .pio/build/stm32_canbus/SrcWrapper/src/stm32/pinmap.c.o
                0x08002d40                pinmap_pinout
 .text.pinmap_find_peripheral
                0x08002d5a       0x16 .pio/build/stm32_canbus/SrcWrapper/src/stm32/pinmap.c.o
                0x08002d5a                pinmap_find_peripheral
 .text.pinmap_peripheral
                0x08002d70        0xc .pio/build/stm32_canbus/SrcWrapper/src/stm32/pinmap.c.o
                0x08002d70                pinmap_peripheral
 .text.pinmap_find_pin
                0x08002d7c       0x16 .pio/build/stm32_canbus/SrcWrapper/src/stm32/pinmap.c.o
                0x08002d7c                pinmap_find_pin
 .text.pinmap_pin
                0x08002d92        0xc .pio/build/stm32_canbus/SrcWrapper/src/stm32/pinmap.c.o
                0x08002d92                pinmap_pin
 .text.pinmap_merge_peripheral
                0x08002d9e       0x14 .pio/build/stm32_canbus/SrcWrapper/src/stm32/pinmap.c.o
                0x08002d9e                pinmap_merge_peripheral
 *fill*         0x08002db2        0x2 
 .text.SystemInit
                0x08002db4       0x4c .pio/build/stm32_canbus/SrcWrapper/src/stm32/system_stm32yyxx.c.o
                0x08002db4                SystemInit
 .text.get_timer_obj
                0x08002e00        0x4 .pio/build/stm32_canbus/SrcWrapper/src/stm32/timer.c.o
                0x08002e00                get_timer_obj
 .text.enableTimerClock
                0x08002e04       0x88 .pio/build/stm32_canbus/SrcWrapper/src/stm32/timer.c.o
                0x08002e04                enableTimerClock
 .text.disableTimerClock
                0x08002e8c       0x5c .pio/build/stm32_canbus/SrcWrapper/src/stm32/timer.c.o
                0x08002e8c                disableTimerClock
 .text.getTimerUpIrq
                0x08002ee8       0x40 .pio/build/stm32_canbus/SrcWrapper/src/stm32/timer.c.o
                0x08002ee8                getTimerUpIrq
 .text.getTimerCCIrq
                0x08002f28       0x40 .pio/build/stm32_canbus/SrcWrapper/src/stm32/timer.c.o
                0x08002f28                getTimerCCIrq
 .text.HAL_TIM_Base_MspInit
                0x08002f68       0x4e .pio/build/stm32_canbus/SrcWrapper/src/stm32/timer.c.o
                0x08002f68                HAL_TIM_Base_MspInit
 *fill*         0x08002fb6        0x2 
 .text.getTimerClkSrc
                0x08002fb8       0x34 .pio/build/stm32_canbus/SrcWrapper/src/stm32/timer.c.o
                0x08002fb8                getTimerClkSrc
 .text.serial_rx_active
                0x08002fec       0x24 .pio/build/stm32_canbus/SrcWrapper/src/stm32/uart.c.o
                0x08002fec                serial_rx_active
 .text.serial_tx_active
                0x08003010       0x24 .pio/build/stm32_canbus/SrcWrapper/src/stm32/uart.c.o
                0x08003010                serial_tx_active
 .text.uart_attach_tx_callback
                0x08003034       0x40 .pio/build/stm32_canbus/SrcWrapper/src/stm32/uart.c.o
                0x08003034                uart_attach_tx_callback
 .text.uart_enable_tx
                0x08003074       0x1c .pio/build/stm32_canbus/SrcWrapper/src/stm32/uart.c.o
                0x08003074                uart_enable_tx
 .text.uart_enable_rx
                0x08003090       0x1c .pio/build/stm32_canbus/SrcWrapper/src/stm32/uart.c.o
                0x08003090                uart_enable_rx
 .text.HAL_UART_RxCpltCallback
                0x080030ac        0x6 .pio/build/stm32_canbus/SrcWrapper/src/stm32/uart.c.o
                0x080030ac                HAL_UART_RxCpltCallback
 .text.HAL_UART_TxCpltCallback
                0x080030b2        0x6 .pio/build/stm32_canbus/SrcWrapper/src/stm32/uart.c.o
                0x080030b2                HAL_UART_TxCpltCallback
 .text.HAL_UART_ErrorCallback
                0x080030b8       0x7c .pio/build/stm32_canbus/SrcWrapper/src/stm32/uart.c.o
                0x080030b8                HAL_UART_ErrorCallback
 .text.USART1_IRQHandler
                0x08003134       0x18 .pio/build/stm32_canbus/SrcWrapper/src/stm32/uart.c.o
                0x08003134                USART1_IRQHandler
 .text.USART2_IRQHandler
                0x0800314c       0x1c .pio/build/stm32_canbus/SrcWrapper/src/stm32/uart.c.o
                0x0800314c                USART2_IRQHandler
 .text.USART3_IRQHandler
                0x08003168       0x1c .pio/build/stm32_canbus/SrcWrapper/src/stm32/uart.c.o
                0x08003168                USART3_IRQHandler
 .text._sbrk    0x08003184       0x3c .pio/build/stm32_canbus/SrcWrapper/src/syscalls.c.o
                0x08003184                _sbrk
 .text._exit    0x080031c0        0x2 .pio/build/stm32_canbus/SrcWrapper/src/syscalls.c.o
                0x080031c0                _exit
 *fill*         0x080031c2        0x2 
 .text._kill    0x080031c4       0x10 .pio/build/stm32_canbus/SrcWrapper/src/syscalls.c.o
                0x080031c4                _kill
 .text._getpid  0x080031d4        0x4 .pio/build/stm32_canbus/SrcWrapper/src/syscalls.c.o
                0x080031d4                _getpid
 .text._ZL8readCharv
                0x080031d8       0x60 .pio/build/stm32_canbus/src/console.cpp.o
 .text._ZL8showMenu11ConsoleMenu
                0x08003238       0xa0 .pio/build/stm32_canbus/src/console.cpp.o
 .text._ZL10setLogMaskhPKc
                0x080032d8       0x6c .pio/build/stm32_canbus/src/console.cpp.o
 .text._Z11consoleInitR6StreamR10AimNetworkR6Logger
                0x08003344       0x24 .pio/build/stm32_canbus/src/console.cpp.o
                0x08003344                consoleInit(Stream&, AimNetwork&, Logger&)
 .text._Z17consoleCheckEntryv
                0x08003368       0x16 .pio/build/stm32_canbus/src/console.cpp.o
                0x08003368                consoleCheckEntry()
 *fill*         0x0800337e        0x2 
 .text._Z14consoleServicehm
                0x08003380      0x2e0 .pio/build/stm32_canbus/src/console.cpp.o
                0x08003380                consoleService(unsigned char, unsigned long)
 .text._Z13consoleResumev
                0x08003660        0xc .pio/build/stm32_canbus/src/console.cpp.o
                0x08003660                consoleResume()
 .text._Z12serviceCanRxm
                0x0800366c       0x88 .pio/build/stm32_canbus/src/main.cpp.o
                0x0800366c                serviceCanRx(unsigned long)
 .text._Z12serviceCanTxmm
                0x080036f4       0x58 .pio/build/stm32_canbus/src/main.cpp.o
                0x080036f4                serviceCanTx(unsigned long, unsigned long)
 .text._Z18evaluateNodeHealthm
                0x0800374c        0xc .pio/build/stm32_canbus/src/main.cpp.o
                0x0800374c                evaluateNodeHealth(unsigned long)
 .text._Z13getNodeHealthh
                0x08003758        0xc .pio/build/stm32_canbus/src/main.cpp.o
                0x08003758                getNodeHealth(unsigned char)
 .text._Z20getTrackedNodesCountv
                0x08003764        0x4 .pio/build/stm32_canbus/src/main.cpp.o
                0x08003764                getTrackedNodesCount()
 .text._Z17getTrackedOriginsv
                0x08003768        0x8 .pio/build/stm32_canbus/src/main.cpp.o
                0x08003768                getTrackedOrigins()
 .text.setup    0x08003770      0x12c .pio/build/stm32_canbus/src/main.cpp.o
                0x08003770                setup
 .text.startup._GLOBAL__sub_I__Z12serviceCanRxm
                0x0800389c       0x84 .pio/build/stm32_canbus/src/main.cpp.o
 .text._Z15runStateMachinemm
                0x08003920      0x14c .pio/build/stm32_canbus/src/main.cpp.o
                0x08003920                runStateMachine(unsigned long, unsigned long)
 .text.loop     0x08003a6c       0x34 .pio/build/stm32_canbus/src/main.cpp.o
                0x08003a6c                loop
 .text.exit._GLOBAL__sub_D__Z12serviceCanRxm
                0x08003aa0       0x1c .pio/build/stm32_canbus/src/main.cpp.o
 .text._ZN8SPIClassC2Emmmm
                0x08003abc      0x12c .pio/build/stm32_canbus/libd05/libSPI.a(SPI.cpp.o)
                0x08003abc                SPIClass::SPIClass(unsigned long, unsigned long, unsigned long, unsigned long)
                0x08003abc                SPIClass::SPIClass(unsigned long, unsigned long, unsigned long, unsigned long)
 .text._ZN8SPIClass5beginE13SPIDeviceMode
                0x08003be8       0x2c .pio/build/stm32_canbus/libd05/libSPI.a(SPI.cpp.o)
                0x08003be8                SPIClass::begin(SPIDeviceMode)
 .text._ZN8SPIClass16beginTransactionE11SPISettings
                0x08003c14       0x44 .pio/build/stm32_canbus/libd05/libSPI.a(SPI.cpp.o)
                0x08003c14                SPIClass::beginTransaction(SPISettings)
 .text._ZN8SPIClass14endTransactionEv
                0x08003c58        0x2 .pio/build/stm32_canbus/libd05/libSPI.a(SPI.cpp.o)
                0x08003c58                SPIClass::endTransaction()
 .text._ZN8SPIClass8transferEhb
                0x08003c5a       0x24 .pio/build/stm32_canbus/libd05/libSPI.a(SPI.cpp.o)
                0x08003c5a                SPIClass::transfer(unsigned char, bool)
 .text._ZN8SPIClass10transfer16Etb
                0x08003c7e       0x42 .pio/build/stm32_canbus/libd05/libSPI.a(SPI.cpp.o)
                0x08003c7e                SPIClass::transfer16(unsigned short, bool)
 .text._ZN8SPIClass8transferEPvjb
                0x08003cc0        0xe .pio/build/stm32_canbus/libd05/libSPI.a(SPI.cpp.o)
                0x08003cc0                SPIClass::transfer(void*, unsigned int, bool)
 *fill*         0x08003cce        0x2 
 .text.startup._GLOBAL__sub_I_SPI
                0x08003cd0       0x1c .pio/build/stm32_canbus/libd05/libSPI.a(SPI.cpp.o)
 .text.LL_GPIO_SetPinMode
                0x08003cec       0x2c .pio/build/stm32_canbus/libd05/libSPI.a(spi_com.c.o)
 .text.spi_getClkFreqInst
                0x08003d18       0x2c .pio/build/stm32_canbus/libd05/libSPI.a(spi_com.c.o)
                0x08003d18                spi_getClkFreqInst
 .text.spi_init
                0x08003d44      0x274 .pio/build/stm32_canbus/libd05/libSPI.a(spi_com.c.o)
                0x08003d44                spi_init
 .text.spi_transfer
                0x08003fb8       0x5e .pio/build/stm32_canbus/libd05/libSPI.a(spi_com.c.o)
                0x08003fb8                spi_transfer
 *fill*         0x08004016        0x2 
 .text._ZN15SerialFlashChip4waitEv
                0x08004018       0xb0 .pio/build/stm32_canbus/lib6d4/libSerialFlash.a(SerialFlashChip.cpp.o)
                0x08004018                SerialFlashChip::wait()
 .text._ZN15SerialFlashChip4readEmPvm
                0x080040c8      0x2c0 .pio/build/stm32_canbus/lib6d4/libSerialFlash.a(SerialFlashChip.cpp.o)
                0x080040c8                SerialFlashChip::read(unsigned long, void*, unsigned long)
 .text._ZN15SerialFlashChip5writeEmPKvm
                0x08004388      0x128 .pio/build/stm32_canbus/lib6d4/libSerialFlash.a(SerialFlashChip.cpp.o)
                0x08004388                SerialFlashChip::write(unsigned long, void const*, unsigned long)
 .text._ZN15SerialFlashChip6readIDEPh
                0x080044b0       0xa8 .pio/build/stm32_canbus/lib6d4/libSerialFlash.a(SerialFlashChip.cpp.o)
                0x080044b0                SerialFlashChip::readID(unsigned char*)
 .text._ZN15SerialFlashChip8eraseAllEv
                0x08004558      0x180 .pio/build/stm32_canbus/lib6d4/libSerialFlash.a(SerialFlashChip.cpp.o)
                0x08004558                SerialFlashChip::eraseAll()
 .text._ZN15SerialFlashChip5readyEv
                0x080046d8       0xcc .pio/build/stm32_canbus/lib6d4/libSerialFlash.a(SerialFlashChip.cpp.o)
                0x080046d8                SerialFlashChip::ready()
 .text._ZN15SerialFlashChip8capacityEPKh
                0x080047a4       0x70 .pio/build/stm32_canbus/lib6d4/libSerialFlash.a(SerialFlashChip.cpp.o)
                0x080047a4                SerialFlashChip::capacity(unsigned char const*)
 .text._ZN15SerialFlashChip5beginEh
                0x08004814      0x160 .pio/build/stm32_canbus/lib6d4/libSerialFlash.a(SerialFlashChip.cpp.o)
                0x08004814                SerialFlashChip::begin(unsigned char)
 .text._ZN15SerialFlashChip9blockSizeEv
                0x08004974       0x18 .pio/build/stm32_canbus/lib6d4/libSerialFlash.a(SerialFlashChip.cpp.o)
                0x08004974                SerialFlashChip::blockSize()
 .text._ZN6Logger13levelToStringE8LogLevel
                0x0800498c       0x1c .pio/build/stm32_canbus/libd25/libAimLogger.a(logger.cpp.o)
                0x0800498c                Logger::levelToString(LogLevel)
 .text._ZN6Logger3logE8LogLevelPKcz
                0x080049a8       0x64 .pio/build/stm32_canbus/libd25/libAimLogger.a(logger.cpp.o)
                0x080049a8                Logger::log(LogLevel, char const*, ...)
 .text._ZN12AimCanDriverC2EhmP11CAN_TypeDef
                0x08004a0c       0x1a .pio/build/stm32_canbus/lib067/libAimNetwork.a(aim_can_driver.cpp.o)
                0x08004a0c                AimCanDriver::AimCanDriver(unsigned char, unsigned long, CAN_TypeDef*)
                0x08004a0c                AimCanDriver::AimCanDriver(unsigned char, unsigned long, CAN_TypeDef*)
 .text._ZN12AimCanDriver10packAimPktERK6aimPktRN15AimStm32CanCore5FrameE
                0x08004a26       0x2e .pio/build/stm32_canbus/lib067/libAimNetwork.a(aim_can_driver.cpp.o)
                0x08004a26                AimCanDriver::packAimPkt(aimPkt const&, AimStm32CanCore::Frame&)
 .text._ZN12AimCanDriver12unpackAimPktERKN15AimStm32CanCore5FrameER6aimPkt
                0x08004a54       0x60 .pio/build/stm32_canbus/lib067/libAimNetwork.a(aim_can_driver.cpp.o)
                0x08004a54                AimCanDriver::unpackAimPkt(AimStm32CanCore::Frame const&, aimPkt&)
 .text._ZNK12AimCanDriver10logFailureEbt
                0x08004ab4       0x70 .pio/build/stm32_canbus/lib067/libAimNetwork.a(aim_can_driver.cpp.o)
                0x08004ab4                AimCanDriver::logFailure(bool, unsigned short) const
 .text._ZN12AimCanDriver5beginEv
                0x08004b24       0x5c .pio/build/stm32_canbus/lib067/libAimNetwork.a(aim_can_driver.cpp.o)
                0x08004b24                AimCanDriver::begin()
 .text._ZN12AimCanDriver8transmitERK6aimPkt
                0x08004b80       0x64 .pio/build/stm32_canbus/lib067/libAimNetwork.a(aim_can_driver.cpp.o)
                0x08004b80                AimCanDriver::transmit(aimPkt const&)
 .text._ZN12AimCanDriver7receiveER6aimPkt
                0x08004be4       0x68 .pio/build/stm32_canbus/lib067/libAimNetwork.a(aim_can_driver.cpp.o)
                0x08004be4                AimCanDriver::receive(aimPkt&)
 .text._ZN10AimNetworkC2EP12AimCanDriverh
                0x08004c4c       0x12 .pio/build/stm32_canbus/lib067/libAimNetwork.a(aim_network.cpp.o)
                0x08004c4c                AimNetwork::AimNetwork(AimCanDriver*, unsigned char)
                0x08004c4c                AimNetwork::AimNetwork(AimCanDriver*, unsigned char)
 .text._ZN10AimNetwork5beginEv
                0x08004c5e        0xa .pio/build/stm32_canbus/lib067/libAimNetwork.a(aim_network.cpp.o)
                0x08004c5e                AimNetwork::begin()
 .text._ZN10AimNetwork7sendPktERK6aimPkt
                0x08004c68       0x38 .pio/build/stm32_canbus/lib067/libAimNetwork.a(aim_network.cpp.o)
                0x08004c68                AimNetwork::sendPkt(aimPkt const&)
 .text._ZN10AimNetwork9sendPkt64Eyhh
                0x08004ca0       0x64 .pio/build/stm32_canbus/lib067/libAimNetwork.a(aim_network.cpp.o)
                0x08004ca0                AimNetwork::sendPkt64(unsigned long long, unsigned char, unsigned char)
 .text._ZN10AimNetwork9sendPkt32Emmhh
                0x08004d04       0x54 .pio/build/stm32_canbus/lib067/libAimNetwork.a(aim_network.cpp.o)
                0x08004d04                AimNetwork::sendPkt32(unsigned long, unsigned long, unsigned char, unsigned char)
 .text._ZN10AimNetwork7readPktER6aimPkt
                0x08004d58       0x28 .pio/build/stm32_canbus/lib067/libAimNetwork.a(aim_network.cpp.o)
                0x08004d58                AimNetwork::readPkt(aimPkt&)
 .text._ZN10AimNetwork8syncTimeEm
                0x08004d80       0x10 .pio/build/stm32_canbus/lib067/libAimNetwork.a(aim_network.cpp.o)
                0x08004d80                AimNetwork::syncTime(unsigned long)
 .text._ZN10AimNetwork22configureHealthMonitorEPKhhP13AimNodeHealthmm
                0x08004d90       0x7c .pio/build/stm32_canbus/lib067/libAimNetwork.a(aim_network.cpp.o)
                0x08004d90                AimNetwork::configureHealthMonitor(unsigned char const*, unsigned char, AimNodeHealth*, unsigned long, unsigned long)
 .text._ZNK10AimNetwork15findHealthIndexEh
                0x08004e0c       0x24 .pio/build/stm32_canbus/lib067/libAimNetwork.a(aim_network.cpp.o)
                0x08004e0c                AimNetwork::findHealthIndex(unsigned char) const
 .text._ZN10AimNetwork23updateHealthOnHeartbeatEhm
                0x08004e30       0x34 .pio/build/stm32_canbus/lib067/libAimNetwork.a(aim_network.cpp.o)
                0x08004e30                AimNetwork::updateHealthOnHeartbeat(unsigned char, unsigned long)
 .text._ZN10AimNetwork14evaluateHealthEm
                0x08004e64       0x42 .pio/build/stm32_canbus/lib067/libAimNetwork.a(aim_network.cpp.o)
                0x08004e64                AimNetwork::evaluateHealth(unsigned long)
 .text._ZNK10AimNetwork18getHealthForOriginEh
                0x08004ea6       0x2c .pio/build/stm32_canbus/lib067/libAimNetwork.a(aim_network.cpp.o)
                0x08004ea6                AimNetwork::getHealthForOrigin(unsigned char) const
 .text._ZNK10AimNetwork12syncedMillisEv
                0x08004ed2        0xe .pio/build/stm32_canbus/lib067/libAimNetwork.a(aim_network.cpp.o)
                0x08004ed2                AimNetwork::syncedMillis() const
 .text._ZNK10AimNetwork13getTimeOffsetEv
                0x08004ee0        0x4 .pio/build/stm32_canbus/lib067/libAimNetwork.a(aim_network.cpp.o)
                0x08004ee0                AimNetwork::getTimeOffset() const
 .text._Z13aimSafetyHaltPKcim
                0x08004ee4       0x4c .pio/build/stm32_canbus/lib067/libAimNetwork.a(aim_safety.cpp.o)
                0x08004ee4                aimSafetyHalt(char const*, int, unsigned long)
 .text._ZN15AimStm32CanCoreC2EmP11CAN_TypeDef
                0x08004f30       0x42 .pio/build/stm32_canbus/lib067/libAimNetwork.a(aim_stm32_can_core.cpp.o)
                0x08004f30                AimStm32CanCore::AimStm32CanCore(unsigned long, CAN_TypeDef*)
                0x08004f30                AimStm32CanCore::AimStm32CanCore(unsigned long, CAN_TypeDef*)
 .text._ZN15AimStm32CanCore13setAcceptDestEh
                0x08004f72       0x14 .pio/build/stm32_canbus/lib067/libAimNetwork.a(aim_stm32_can_core.cpp.o)
                0x08004f72                AimStm32CanCore::setAcceptDest(unsigned char)
 .text._ZN15AimStm32CanCore12exitCriticalEm
                0x08004f86        0x8 .pio/build/stm32_canbus/lib067/libAimNetwork.a(aim_stm32_can_core.cpp.o)
                0x08004f86                AimStm32CanCore::exitCritical(unsigned long)
 .text._ZNK15AimStm32CanCore8getStatsERNS_5StatsE
                0x08004f8e       0x26 .pio/build/stm32_canbus/lib067/libAimNetwork.a(aim_stm32_can_core.cpp.o)
                0x08004f8e                AimStm32CanCore::getStats(AimStm32CanCore::Stats&) const
 .text._ZN15AimStm32CanCore15configureTimingEv
                0x08004fb4       0xcc .pio/build/stm32_canbus/lib067/libAimNetwork.a(aim_stm32_can_core.cpp.o)
                0x08004fb4                AimStm32CanCore::configureTiming()
 .text._ZN15AimStm32CanCore15configureFilterEv
                0x08005080       0x3c .pio/build/stm32_canbus/lib067/libAimNetwork.a(aim_stm32_can_core.cpp.o)
                0x08005080                AimStm32CanCore::configureFilter()
 .text._ZN15AimStm32CanCore5beginEv
                0x080050bc      0x12c .pio/build/stm32_canbus/lib067/libAimNetwork.a(aim_stm32_can_core.cpp.o)
                0x080050bc                AimStm32CanCore::begin()
 .text._ZN15AimStm32CanCore9enqueueTxERKNS_5FrameE
                0x080051e8       0x58 .pio/build/stm32_canbus/lib067/libAimNetwork.a(aim_stm32_can_core.cpp.o)
                0x080051e8                AimStm32CanCore::enqueueTx(AimStm32CanCore::Frame const&)
 .text._ZN15AimStm32CanCore6pushRxERKNS_5FrameE
                0x08005240       0x62 .pio/build/stm32_canbus/lib067/libAimNetwork.a(aim_stm32_can_core.cpp.o)
                0x08005240                AimStm32CanCore::pushRx(AimStm32CanCore::Frame const&)
 .text._ZN15AimStm32CanCore9dequeueRxERNS_5FrameE
                0x080052a2       0x54 .pio/build/stm32_canbus/lib067/libAimNetwork.a(aim_stm32_can_core.cpp.o)
                0x080052a2                AimStm32CanCore::dequeueRx(AimStm32CanCore::Frame&)
 .text._ZN15AimStm32CanCore20updateErrorTelemetryEv
                0x080052f6       0x68 .pio/build/stm32_canbus/lib067/libAimNetwork.a(aim_stm32_can_core.cpp.o)
                0x080052f6                AimStm32CanCore::updateErrorTelemetry()
 .text._ZN15AimStm32CanCore16flushTxMailboxesEv
                0x0800535e      0x106 .pio/build/stm32_canbus/lib067/libAimNetwork.a(aim_stm32_can_core.cpp.o)
                0x0800535e                AimStm32CanCore::flushTxMailboxes()
 .text._ZN15AimStm32CanCore6pollRxEv
                0x08005464       0xa2 .pio/build/stm32_canbus/lib067/libAimNetwork.a(aim_stm32_can_core.cpp.o)
                0x08005464                AimStm32CanCore::pollRx()
 *fill*         0x08005506        0x2 
 .text._ZN15AimStm32CanCore8transmitERKNS_5FrameE
                0x08005508       0x38 .pio/build/stm32_canbus/lib067/libAimNetwork.a(aim_stm32_can_core.cpp.o)
                0x08005508                AimStm32CanCore::transmit(AimStm32CanCore::Frame const&)
 .text._ZN15AimStm32CanCore7receiveERNS_5FrameE
                0x08005540       0x3c .pio/build/stm32_canbus/lib067/libAimNetwork.a(aim_stm32_can_core.cpp.o)
                0x08005540                AimStm32CanCore::receive(AimStm32CanCore::Frame&)
 .text.HAL_CAN_MspInit
                0x0800557c       0xb0 .pio/build/stm32_canbus/lib067/libAimNetwork.a(aim_stm32_can_core.cpp.o)
                0x0800557c                HAL_CAN_MspInit
 .text._ZN15SerialFlashFile4readEPvm
                0x0800562c       0x2e .pio/build/stm32_canbus/libaef/libAimFlashTable.a(flash_table.cpp.o)
                0x0800562c                SerialFlashFile::read(void*, unsigned long)
 .text._ZN15SerialFlashFile5writeEPKvm
                0x0800565a       0x2e .pio/build/stm32_canbus/libaef/libAimFlashTable.a(flash_table.cpp.o)
                0x0800565a                SerialFlashFile::write(void const*, unsigned long)
 .text._ZN10FlashTableC2EP15SerialFlashChiphtmhtPmPh
                0x08005688       0x4c .pio/build/stm32_canbus/libaef/libAimFlashTable.a(flash_table.cpp.o)
                0x08005688                FlashTable::FlashTable(SerialFlashChip*, unsigned char, unsigned short, unsigned long, unsigned char, unsigned short, unsigned long*, unsigned char*)
                0x08005688                FlashTable::FlashTable(SerialFlashChip*, unsigned char, unsigned short, unsigned long, unsigned char, unsigned short, unsigned long*, unsigned char*)
 .text._ZN10FlashTable7isReadyEv
                0x080056d4       0x10 .pio/build/stm32_canbus/libaef/libAimFlashTable.a(flash_table.cpp.o)
                0x080056d4                FlashTable::isReady()
 .text._ZN10FlashTable10cancelDumpEv
                0x080056e4       0x14 .pio/build/stm32_canbus/libaef/libAimFlashTable.a(flash_table.cpp.o)
                0x080056e4                FlashTable::cancelDump()
 .text._ZN10FlashTable12writeHexByteEP6Streamh
                0x080056f8       0x2c .pio/build/stm32_canbus/libaef/libAimFlashTable.a(flash_table.cpp.o)
                0x080056f8                FlashTable::writeHexByte(Stream*, unsigned char)
 .text._ZN10FlashTable10beginEraseEv
                0x08005724       0x24 .pio/build/stm32_canbus/libaef/libAimFlashTable.a(flash_table.cpp.o)
                0x08005724                FlashTable::beginErase()
 .text._ZN10FlashTable12commandEraseEP6Stream
                0x08005748       0x50 .pio/build/stm32_canbus/libaef/libAimFlashTable.a(flash_table.cpp.o)
                0x08005748                FlashTable::commandErase(Stream*)
 .text._ZN10FlashTable11seekToEmptyEP6Stream
                0x08005798       0xf2 .pio/build/stm32_canbus/libaef/libAimFlashTable.a(flash_table.cpp.o)
                0x08005798                FlashTable::seekToEmpty(Stream*)
 .text._ZN10FlashTable4initEP6Stream
                0x0800588a       0x8a .pio/build/stm32_canbus/libaef/libAimFlashTable.a(flash_table.cpp.o)
                0x0800588a                FlashTable::init(Stream*)
 .text._ZN10FlashTable12serviceEraseEv
                0x08005914       0x38 .pio/build/stm32_canbus/libaef/libAimFlashTable.a(flash_table.cpp.o)
                0x08005914                FlashTable::serviceErase()
 .text._ZN10FlashTable18flushPendingBufferEv
                0x0800594c       0x18 .pio/build/stm32_canbus/libaef/libAimFlashTable.a(flash_table.cpp.o)
                0x0800594c                FlashTable::flushPendingBuffer()
 .text._ZN10FlashTableD2Ev
                0x08005964        0xc .pio/build/stm32_canbus/libaef/libAimFlashTable.a(flash_table.cpp.o)
                0x08005964                FlashTable::~FlashTable()
                0x08005964                FlashTable::~FlashTable()
 .text._ZN10FlashTable10getCurSizeEv
                0x08005970        0xe .pio/build/stm32_canbus/libaef/libAimFlashTable.a(flash_table.cpp.o)
                0x08005970                FlashTable::getCurSize()
 *fill*         0x0800597e        0x2 
 .text._ZN10FlashTable11commandInfoEP6Stream
                0x08005980       0xf4 .pio/build/stm32_canbus/libaef/libAimFlashTable.a(flash_table.cpp.o)
                0x08005980                FlashTable::commandInfo(Stream*)
 .text._ZN10FlashTable9beginDumpEmPmS0_
                0x08005a74       0x68 .pio/build/stm32_canbus/libaef/libAimFlashTable.a(flash_table.cpp.o)
                0x08005a74                FlashTable::beginDump(unsigned long, unsigned long*, unsigned long*)
 .text._ZN10FlashTable11commandDumpEP6StreammPmS2_
                0x08005adc       0xc8 .pio/build/stm32_canbus/libaef/libAimFlashTable.a(flash_table.cpp.o)
                0x08005adc                FlashTable::commandDump(Stream*, unsigned long, unsigned long*, unsigned long*)
 .text._ZN10FlashTable6readAtEmPhm
                0x08005ba4       0x3e .pio/build/stm32_canbus/libaef/libAimFlashTable.a(flash_table.cpp.o)
                0x08005ba4                FlashTable::readAt(unsigned long, unsigned char*, unsigned long)
 *fill*         0x08005be2        0x2 
 .text._ZN10FlashTable11serviceDumpEP6Streamt
                0x08005be4       0xd0 .pio/build/stm32_canbus/libaef/libAimFlashTable.a(flash_table.cpp.o)
                0x08005be4                FlashTable::serviceDump(Stream*, unsigned short)
 .text._ZN14IWatchdogClass3setEmm
                0x08005cb4       0xa0 .pio/build/stm32_canbus/lib0e8/libIWatchdog.a(IWatchdog.cpp.o)
                0x08005cb4                IWatchdogClass::set(unsigned long, unsigned long)
 .text._ZN14IWatchdogClass5beginEmm
                0x08005d54       0x44 .pio/build/stm32_canbus/lib0e8/libIWatchdog.a(IWatchdog.cpp.o)
                0x08005d54                IWatchdogClass::begin(unsigned long, unsigned long)
 .text._ZN14IWatchdogClass6reloadEv
                0x08005d98       0x18 .pio/build/stm32_canbus/lib0e8/libIWatchdog.a(IWatchdog.cpp.o)
                0x08005d98                IWatchdogClass::reload()
 .text._ZN5Print17availableForWriteEv
                0x08005db0        0x4 .pio/build/stm32_canbus/lib571/libSoftwareSerial.a(SoftwareSerial.cpp.o)
                0x08005db0                Print::availableForWrite()
 .text._ZN14SoftwareSerial4readEv
                0x08005db4       0x2e .pio/build/stm32_canbus/lib571/libSoftwareSerial.a(SoftwareSerial.cpp.o)
                0x08005db4                SoftwareSerial::read()
 .text._ZN14SoftwareSerial9availableEv
                0x08005de2       0x1e .pio/build/stm32_canbus/lib571/libSoftwareSerial.a(SoftwareSerial.cpp.o)
                0x08005de2                SoftwareSerial::available()
 .text._ZN14SoftwareSerial5flushEv
                0x08005e00       0x10 .pio/build/stm32_canbus/lib571/libSoftwareSerial.a(SoftwareSerial.cpp.o)
                0x08005e00                SoftwareSerial::flush()
 .text._ZN14SoftwareSerial4peekEv
                0x08005e10       0x1c .pio/build/stm32_canbus/lib571/libSoftwareSerial.a(SoftwareSerial.cpp.o)
                0x08005e10                SoftwareSerial::peek()
 .text._ZN14SoftwareSerial8setSpeedEm
                0x08005e2c       0x9c .pio/build/stm32_canbus/lib571/libSoftwareSerial.a(SoftwareSerial.cpp.o)
                0x08005e2c                SoftwareSerial::setSpeed(unsigned long)
 .text._ZN14SoftwareSerial5setTXEv
                0x08005ec8       0x1e .pio/build/stm32_canbus/lib571/libSoftwareSerial.a(SoftwareSerial.cpp.o)
                0x08005ec8                SoftwareSerial::setTX()
 .text._ZN14SoftwareSerial5setRXEv
                0x08005ee6       0x14 .pio/build/stm32_canbus/lib571/libSoftwareSerial.a(SoftwareSerial.cpp.o)
                0x08005ee6                SoftwareSerial::setRX()
 *fill*         0x08005efa        0x2 
 .text._ZN14SoftwareSerial7setRXTXEb
                0x08005efc       0x48 .pio/build/stm32_canbus/lib571/libSoftwareSerial.a(SoftwareSerial.cpp.o)
                0x08005efc                SoftwareSerial::setRXTX(bool)
 .text._ZN14SoftwareSerial13stopListeningEv
                0x08005f44       0x44 .pio/build/stm32_canbus/lib571/libSoftwareSerial.a(SoftwareSerial.cpp.o)
                0x08005f44                SoftwareSerial::stopListening()
 .text._ZN14SoftwareSerialD2Ev
                0x08005f88       0x14 .pio/build/stm32_canbus/lib571/libSoftwareSerial.a(SoftwareSerial.cpp.o)
                0x08005f88                SoftwareSerial::~SoftwareSerial()
                0x08005f88                SoftwareSerial::~SoftwareSerial()
 .text._ZN14SoftwareSerialD0Ev
                0x08005f9c       0x14 .pio/build/stm32_canbus/lib571/libSoftwareSerial.a(SoftwareSerial.cpp.o)
                0x08005f9c                SoftwareSerial::~SoftwareSerial()
 .text._ZN14SoftwareSerial6listenEv
                0x08005fb0       0x6c .pio/build/stm32_canbus/lib571/libSoftwareSerial.a(SoftwareSerial.cpp.o)
                0x08005fb0                SoftwareSerial::listen()
 .text._ZN14SoftwareSerial5writeEh
                0x0800601c       0x7c .pio/build/stm32_canbus/lib571/libSoftwareSerial.a(SoftwareSerial.cpp.o)
                0x0800601c                SoftwareSerial::write(unsigned char)
 .text._ZN14SoftwareSerial4sendEv
                0x08006098       0x78 .pio/build/stm32_canbus/lib571/libSoftwareSerial.a(SoftwareSerial.cpp.o)
                0x08006098                SoftwareSerial::send()
 .text._ZN14SoftwareSerial4recvEv
                0x08006110       0xb8 .pio/build/stm32_canbus/lib571/libSoftwareSerial.a(SoftwareSerial.cpp.o)
                0x08006110                SoftwareSerial::recv()
 .text._ZN14SoftwareSerial15handleInterruptEv
                0x080061c8       0x24 .pio/build/stm32_canbus/lib571/libSoftwareSerial.a(SoftwareSerial.cpp.o)
                0x080061c8                SoftwareSerial::handleInterrupt()
 .text._ZN14SoftwareSerialC2Ettb
                0x080061ec      0x1a0 .pio/build/stm32_canbus/lib571/libSoftwareSerial.a(SoftwareSerial.cpp.o)
                0x080061ec                SoftwareSerial::SoftwareSerial(unsigned short, unsigned short, bool)
                0x080061ec                SoftwareSerial::SoftwareSerial(unsigned short, unsigned short, bool)
 .text._ZN14SoftwareSerial5beginEl
                0x0800638c       0x28 .pio/build/stm32_canbus/lib571/libSoftwareSerial.a(SoftwareSerial.cpp.o)
                0x0800638c                SoftwareSerial::begin(long)
 .text.startup._GLOBAL__sub_I__ZN14SoftwareSerial5timerE
                0x080063b4       0x10 .pio/build/stm32_canbus/lib571/libSoftwareSerial.a(SoftwareSerial.cpp.o)
 .text.exit._GLOBAL__sub_D__ZN14SoftwareSerial5timerE
                0x080063c4        0xc .pio/build/stm32_canbus/lib571/libSoftwareSerial.a(SoftwareSerial.cpp.o)
 .text._ZN14HardwareSerial9availableEv
                0x080063d0       0x10 .pio/build/stm32_canbus/libFrameworkArduino.a(HardwareSerial.cpp.o)
                0x080063d0                HardwareSerial::available()
 .text._ZN14HardwareSerial4peekEv
                0x080063e0       0x1a .pio/build/stm32_canbus/libFrameworkArduino.a(HardwareSerial.cpp.o)
                0x080063e0                HardwareSerial::peek()
 .text._ZN14HardwareSerial17availableForWriteEv
                0x080063fa       0x1c .pio/build/stm32_canbus/libFrameworkArduino.a(HardwareSerial.cpp.o)
                0x080063fa                HardwareSerial::availableForWrite()
 .text._ZN14HardwareSerial5writeEh
                0x08006416       0x18 .pio/build/stm32_canbus/libFrameworkArduino.a(HardwareSerial.cpp.o)
                0x08006416                HardwareSerial::write(unsigned char)
 *fill*         0x0800642e        0x2 
 .text._ZN14HardwareSerial16_tx_complete_irqEP8serial_s
                0x08006430       0x60 .pio/build/stm32_canbus/libFrameworkArduino.a(HardwareSerial.cpp.o)
                0x08006430                HardwareSerial::_tx_complete_irq(serial_s*)
 .text._ZN14HardwareSerial5writeEPKhj
                0x08006490       0xe4 .pio/build/stm32_canbus/libFrameworkArduino.a(HardwareSerial.cpp.o)
                0x08006490                HardwareSerial::write(unsigned char const*, unsigned int)
 .text._ZN14HardwareSerial4initE7PinNameS0_S0_S0_
                0x08006574       0x32 .pio/build/stm32_canbus/libFrameworkArduino.a(HardwareSerial.cpp.o)
                0x08006574                HardwareSerial::init(PinName, PinName, PinName, PinName)
 .text._ZN14HardwareSerial5flushEm
                0x080065a6       0x36 .pio/build/stm32_canbus/libFrameworkArduino.a(HardwareSerial.cpp.o)
                0x080065a6                HardwareSerial::flush(unsigned long)
 .text._ZN14HardwareSerial5flushEv
                0x080065dc        0x6 .pio/build/stm32_canbus/libFrameworkArduino.a(HardwareSerial.cpp.o)
                0x080065dc                HardwareSerial::flush()
 *fill*         0x080065e2        0x2 
 .text._ZN14HardwareSerial5setRxEm
                0x080065e4       0x48 .pio/build/stm32_canbus/libFrameworkArduino.a(HardwareSerial.cpp.o)
                0x080065e4                HardwareSerial::setRx(unsigned long)
 .text._ZN14HardwareSerial5setTxEm
                0x0800662c       0x48 .pio/build/stm32_canbus/libFrameworkArduino.a(HardwareSerial.cpp.o)
                0x0800662c                HardwareSerial::setTx(unsigned long)
 .text._ZN14HardwareSerialC2EPv16HalfDuplexMode_t
                0x08006674       0x9c .pio/build/stm32_canbus/libFrameworkArduino.a(HardwareSerial.cpp.o)
                0x08006674                HardwareSerial::HardwareSerial(void*, HalfDuplexMode_t)
                0x08006674                HardwareSerial::HardwareSerial(void*, HalfDuplexMode_t)
 .text._ZN14HardwareSerial18enableHalfDuplexRxEv
                0x08006710       0x2c .pio/build/stm32_canbus/libFrameworkArduino.a(HardwareSerial.cpp.o)
                0x08006710                HardwareSerial::enableHalfDuplexRx()
 .text._ZN14HardwareSerial4readEv
                0x0800673c       0x2e .pio/build/stm32_canbus/libFrameworkArduino.a(HardwareSerial.cpp.o)
                0x0800673c                HardwareSerial::read()
 *fill*         0x0800676a        0x2 
 .text.startup._GLOBAL__sub_I_Serial2
                0x0800676c       0x14 .pio/build/stm32_canbus/libFrameworkArduino.a(HardwareSerial.cpp.o)
 .text._ZN5Print5writeEPKhj
                0x08006780       0x2c .pio/build/stm32_canbus/libFrameworkArduino.a(Print.cpp.o)
                0x08006780                Print::write(unsigned char const*, unsigned int)
 .text._ZN5Print5writeEPKc
                0x080067ac       0x20 .pio/build/stm32_canbus/libFrameworkArduino.a(Print.cpp.o)
                0x080067ac                Print::write(char const*)
 .text._ZN5Print5printEPKc
                0x080067cc        0x8 .pio/build/stm32_canbus/libFrameworkArduino.a(Print.cpp.o)
                0x080067cc                Print::print(char const*)
 .text._ZN5Print5printEc
                0x080067d4        0x6 .pio/build/stm32_canbus/libFrameworkArduino.a(Print.cpp.o)
                0x080067d4                Print::print(char)
 *fill*         0x080067da        0x2 
 .text._ZN5Print7printlnEv
                0x080067dc       0x10 .pio/build/stm32_canbus/libFrameworkArduino.a(Print.cpp.o)
                0x080067dc                Print::println()
 .text._ZN5Print7printlnEPK19__FlashStringHelper
                0x080067ec       0x14 .pio/build/stm32_canbus/libFrameworkArduino.a(Print.cpp.o)
                0x080067ec                Print::println(__FlashStringHelper const*)
 .text._ZN5Print7printlnEPKc
                0x08006800        0x4 .pio/build/stm32_canbus/libFrameworkArduino.a(Print.cpp.o)
                0x08006800                Print::println(char const*)
 .text._ZN5Print11printNumberEmh
                0x08006804       0x3a .pio/build/stm32_canbus/libFrameworkArduino.a(Print.cpp.o)
                0x08006804                Print::printNumber(unsigned long, unsigned char)
 .text._ZN5Print5printEli
                0x0800683e       0x44 .pio/build/stm32_canbus/libFrameworkArduino.a(Print.cpp.o)
                0x0800683e                Print::print(long, int)
 .text._ZN5Print7printlnEli
                0x08006882       0x14 .pio/build/stm32_canbus/libFrameworkArduino.a(Print.cpp.o)
                0x08006882                Print::println(long, int)
 .text._ZN5Print5printEmi
                0x08006896       0x16 .pio/build/stm32_canbus/libFrameworkArduino.a(Print.cpp.o)
                0x08006896                Print::print(unsigned long, int)
 .text._ZN5Print5printEji
                0x080068ac        0x4 .pio/build/stm32_canbus/libFrameworkArduino.a(Print.cpp.o)
                0x080068ac                Print::print(unsigned int, int)
 .text._ZN5Print7printlnEji
                0x080068b0       0x14 .pio/build/stm32_canbus/libFrameworkArduino.a(Print.cpp.o)
                0x080068b0                Print::println(unsigned int, int)
 .text._ZN5Print7printlnEmi
                0x080068c4       0x14 .pio/build/stm32_canbus/libFrameworkArduino.a(Print.cpp.o)
                0x080068c4                Print::println(unsigned long, int)
 .text._ZN6Stream9timedReadEv
                0x080068d8       0x2a .pio/build/stm32_canbus/libFrameworkArduino.a(Stream.cpp.o)
                0x080068d8                Stream::timedRead()
 .text._ZN6Stream9readBytesEPcj
                0x08006902       0x22 .pio/build/stm32_canbus/libFrameworkArduino.a(Stream.cpp.o)
                0x08006902                Stream::readBytes(char*, unsigned int)
 .text._ZN6Stream14readBytesUntilEcPcj
                0x08006924       0x30 .pio/build/stm32_canbus/libFrameworkArduino.a(Stream.cpp.o)
                0x08006924                Stream::readBytesUntil(char, char*, unsigned int)
 .text.ltoa     0x08006954       0x80 .pio/build/stm32_canbus/libFrameworkArduino.a(itoa.c.o)
                0x08006954                ltoa
 .text.itoa     0x080069d4        0x4 .pio/build/stm32_canbus/libFrameworkArduino.a(itoa.c.o)
                0x080069d4                itoa
 .text.startup._Z7premainv
                0x080069d8       0x10 .pio/build/stm32_canbus/libFrameworkArduino.a(main.cpp.o)
                0x080069d8                premain()
 .text.startup.main
                0x080069e8       0x14 .pio/build/stm32_canbus/libFrameworkArduino.a(main.cpp.o)
                0x080069e8                main
 .text.Reset_Handler
                0x080069fc       0x48 .pio/build/stm32_canbus/libFrameworkArduino.a(startup_stm32yyxx.S.o)
                0x080069fc                Reset_Handler
 .text.Default_Handler
                0x08006a44        0x2 .pio/build/stm32_canbus/libFrameworkArduino.a(startup_stm32yyxx.S.o)
                0x08006a44                RTC_Alarm_IRQHandler
                0x08006a44                DebugMon_Handler
                0x08006a44                HardFault_Handler
                0x08006a44                PVD_IRQHandler
                0x08006a44                PendSV_Handler
                0x08006a44                NMI_Handler
                0x08006a44                I2C2_EV_IRQHandler
                0x08006a44                UsageFault_Handler
                0x08006a44                ADC1_2_IRQHandler
                0x08006a44                SPI1_IRQHandler
                0x08006a44                TAMPER_IRQHandler
                0x08006a44                DMA1_Channel4_IRQHandler
                0x08006a44                RTC_IRQHandler
                0x08006a44                DMA1_Channel7_IRQHandler
                0x08006a44                CAN1_RX1_IRQHandler
                0x08006a44                I2C1_EV_IRQHandler
                0x08006a44                DMA1_Channel6_IRQHandler
                0x08006a44                RCC_IRQHandler
                0x08006a44                TIM1_TRG_COM_IRQHandler
                0x08006a44                DMA1_Channel1_IRQHandler
                0x08006a44                Default_Handler
                0x08006a44                SPI2_IRQHandler
                0x08006a44                MemManage_Handler
                0x08006a44                SVC_Handler
                0x08006a44                DMA1_Channel5_IRQHandler
                0x08006a44                USB_LP_CAN1_RX0_IRQHandler
                0x08006a44                USB_HP_CAN1_TX_IRQHandler
                0x08006a44                DMA1_Channel3_IRQHandler
                0x08006a44                WWDG_IRQHandler
                0x08006a44                TIM1_BRK_IRQHandler
                0x08006a44                I2C2_ER_IRQHandler
                0x08006a44                DMA1_Channel2_IRQHandler
                0x08006a44                CAN1_SCE_IRQHandler
                0x08006a44                FLASH_IRQHandler
                0x08006a44                BusFault_Handler
                0x08006a44                I2C1_ER_IRQHandler
                0x08006a44                USBWakeUp_IRQHandler
 *fill*         0x08006a46        0x2 
 .text.pinMode  0x08006a48       0xbc .pio/build/stm32_canbus/libFrameworkArduino.a(wiring_digital.c.o)
                0x08006a48                pinMode
 .text.digitalWrite
                0x08006b04       0x74 .pio/build/stm32_canbus/libFrameworkArduino.a(wiring_digital.c.o)
                0x08006b04                digitalWrite
 .text.millis   0x08006b78        0x4 .pio/build/stm32_canbus/libFrameworkArduino.a(wiring_time.c.o)
                0x08006b78                millis
 .text._Z14serialEventRunv
                0x08006b7c       0x1c .pio/build/stm32_canbus/libFrameworkArduino.a(WSerial.cpp.o)
                0x08006b7c                serialEventRun()
 .text.init     0x08006b98        0x4 .pio/build/stm32_canbus/libFrameworkArduino.a(board.c.o)
                0x08006b98                init
 .text.unlikely._ZSt25__throw_bad_function_callv
                0x08006b9c        0x6 c:/users/liamd/.platformio/packages/toolchain-gccarmnoneeabi/bin/../lib/gcc/arm-none-eabi/12.3.1/../../../../arm-none-eabi/lib/thumb/v7-m/nofp\libstdc++_nano.a(functional.o)
                0x08006b9c                std::__throw_bad_function_call()
 *fill*         0x08006ba2        0x2 
 .text._ZL15check_signaturev
                0x08006ba4       0x54 .pio/build/stm32_canbus/lib6d4/libSerialFlash.a(SerialFlashDirectory.cpp.o)
 .text._ZN15SerialFlashChip4openEPKc
                0x08006bf8      0x100 .pio/build/stm32_canbus/lib6d4/libSerialFlash.a(SerialFlashDirectory.cpp.o)
                0x08006bf8                SerialFlashChip::open(char const*)
 .text._ZN15SerialFlashChip6existsEPKc
                0x08006cf8       0x18 .pio/build/stm32_canbus/lib6d4/libSerialFlash.a(SerialFlashDirectory.cpp.o)
                0x08006cf8                SerialFlashChip::exists(char const*)
 .text._ZN15SerialFlashChip6createEPKcmm
                0x08006d10      0x1b0 .pio/build/stm32_canbus/lib6d4/libSerialFlash.a(SerialFlashDirectory.cpp.o)
                0x08006d10                SerialFlashChip::create(char const*, unsigned long, unsigned long)
 .text.abort    0x08006ec0        0xe c:/users/liamd/.platformio/packages/toolchain-gccarmnoneeabi/bin/../lib/gcc/arm-none-eabi/12.3.1/../../../../arm-none-eabi/lib/thumb/v7-m/nofp\libc_nano.a(libc_a-abort.o)
                0x08006ec0                abort
 *fill*         0x08006ece        0x2 
 .text.malloc   0x08006ed0       0x10 c:/users/liamd/.platformio/packages/toolchain-gccarmnoneeabi/bin/../lib/gcc/arm-none-eabi/12.3.1/../../../../arm-none-eabi/lib/thumb/v7-m/nofp\libc_nano.a(libc_a-malloc.o)
                0x08006ed0                malloc
 .text.free     0x08006ee0       0x10 c:/users/liamd/.platformio/packages/toolchain-gccarmnoneeabi/bin/../lib/gcc/arm-none-eabi/12.3.1/../../../../arm-none-eabi/lib/thumb/v7-m/nofp\libc_nano.a(libc_a-malloc.o)
                0x08006ee0                free
 .text.sbrk_aligned
                0x08006ef0       0x44 c:/users/liamd/.platformio/packages/toolchain-gccarmnoneeabi/bin/../lib/gcc/arm-none-eabi/12.3.1/../../../../arm-none-eabi/lib/thumb/v7-m/nofp\libc_nano.a(libc_a-mallocr.o)
 .text._malloc_r
                0x08006f34      0x100 c:/users/liamd/.platformio/packages/toolchain-gccarmnoneeabi/bin/../lib/gcc/arm-none-eabi/12.3.1/../../../../arm-none-eabi/lib/thumb/v7-m/nofp\libc_nano.a(libc_a-mallocr.o)
                0x08006f34                _malloc_r
 .text.__malloc_lock
                0x08007034        0xc c:/users/liamd/.platformio/packages/toolchain-gccarmnoneeabi/bin/../lib/gcc/arm-none-eabi/12.3.1/../../../../arm-none-eabi/lib/thumb/v7-m/nofp\libc_nano.a(libc_a-mlock.o)
                0x08007034                __malloc_lock
 .text.__malloc_unlock
                0x08007040        0xc c:/users/liamd/.platformio/packages/toolchain-gccarmnoneeabi/bin/../lib/gcc/arm-none-eabi/12.3.1/../../../../arm-none-eabi/lib/thumb/v7-m/nofp\libc_nano.a(libc_a-mlock.o)
                0x08007040                __malloc_unlock
 .text._realloc_r
                0x0800704c       0x5c c:/users/liamd/.platformio/packages/toolchain-gccarmnoneeabi/bin/../lib/gcc/arm-none-eabi/12.3.1/../../../../arm-none-eabi/lib/thumb/v7-m/nofp\libc_nano.a(libc_a-reallocr.o)
                0x0800704c                _realloc_r
 .text.snprintf
                0x080070a8       0x68 c:/users/liamd/.platformio/packages/toolchain-gccarmnoneeabi/bin/../lib/gcc/arm-none-eabi/12.3.1/../../../../arm-none-eabi/lib/thumb/v7-m/nofp\libc_nano.a(libc_a-snprintf.o)
                0x080070a8                sniprintf
                0x080070a8                snprintf
 .text._vsnprintf_r
                0x08007110       0x56 c:/users/liamd/.platformio/packages/toolchain-gccarmnoneeabi/bin/../lib/gcc/arm-none-eabi/12.3.1/../../../../arm-none-eabi/lib/thumb/v7-m/nofp\libc_nano.a(libc_a-vsnprintf.o)
                0x08007110                _vsniprintf_r
                0x08007110                _vsnprintf_r
 *fill*         0x08007166        0x2 
 .text.vsnprintf
                0x08007168       0x1c c:/users/liamd/.platformio/packages/toolchain-gccarmnoneeabi/bin/../lib/gcc/arm-none-eabi/12.3.1/../../../../arm-none-eabi/lib/thumb/v7-m/nofp\libc_nano.a(libc_a-vsnprintf.o)
                0x08007168                vsniprintf
                0x08007168                vsnprintf
 .text.memmove  0x08007184       0x34 c:/users/liamd/.platformio/packages/toolchain-gccarmnoneeabi/bin/../lib/gcc/arm-none-eabi/12.3.1/../../../../arm-none-eabi/lib/thumb/v7-m/nofp\libc_nano.a(libc_a-memmove.o)
                0x08007184                memmove
 .text.memset   0x080071b8       0x10 c:/users/liamd/.platformio/packages/toolchain-gccarmnoneeabi/bin/../lib/gcc/arm-none-eabi/12.3.1/../../../../arm-none-eabi/lib/thumb/v7-m/nofp\libc_nano.a(libc_a-memset.o)
                0x080071b8                memset
 .text._raise_r
                0x080071c8       0x50 c:/users/liamd/.platformio/packages/toolchain-gccarmnoneeabi/bin/../lib/gcc/arm-none-eabi/12.3.1/../../../../arm-none-eabi/lib/thumb/v7-m/nofp\libc_nano.a(libc_a-signal.o)
                0x080071c8                _raise_r
 .text.raise    0x08007218       0x10 c:/users/liamd/.platformio/packages/toolchain-gccarmnoneeabi/bin/../lib/gcc/arm-none-eabi/12.3.1/../../../../arm-none-eabi/lib/thumb/v7-m/nofp\libc_nano.a(libc_a-signal.o)
                0x08007218                raise
 .text._kill_r  0x08007228       0x24 c:/users/liamd/.platformio/packages/toolchain-gccarmnoneeabi/bin/../lib/gcc/arm-none-eabi/12.3.1/../../../../arm-none-eabi/lib/thumb/v7-m/nofp\libc_nano.a(libc_a-signalr.o)
                0x08007228                _kill_r
 .text._getpid_r
                0x0800724c        0x4 c:/users/liamd/.platformio/packages/toolchain-gccarmnoneeabi/bin/../lib/gcc/arm-none-eabi/12.3.1/../../../../arm-none-eabi/lib/thumb/v7-m/nofp\libc_nano.a(libc_a-signalr.o)
                0x0800724c                _getpid_r
 .text._sbrk_r  0x08007250       0x20 c:/users/liamd/.platformio/packages/toolchain-gccarmnoneeabi/bin/../lib/gcc/arm-none-eabi/12.3.1/../../../../arm-none-eabi/lib/thumb/v7-m/nofp\libc_nano.a(libc_a-sbrkr.o)
                0x08007250                _sbrk_r
 .text.__libc_init_array
                0x08007270       0x48 c:/users/liamd/.platformio/packages/toolchain-gccarmnoneeabi/bin/../lib/gcc/arm-none-eabi/12.3.1/../../../../arm-none-eabi/lib/thumb/v7-m/nofp\libc_nano.a(libc_a-init.o)
                0x08007270                __libc_init_array
 .text.__retarget_lock_acquire_recursive
                0x080072b8        0x2 c:/users/liamd/.platformio/packages/toolchain-gccarmnoneeabi/bin/../lib/gcc/arm-none-eabi/12.3.1/../../../../arm-none-eabi/lib/thumb/v7-m/nofp\libc_nano.a(libc_a-lock.o)
                0x080072b8                __retarget_lock_acquire_recursive
 .text.__retarget_lock_release_recursive
                0x080072ba        0x2 c:/users/liamd/.platformio/packages/toolchain-gccarmnoneeabi/bin/../lib/gcc/arm-none-eabi/12.3.1/../../../../arm-none-eabi/lib/thumb/v7-m/nofp\libc_nano.a(libc_a-lock.o)
                0x080072ba                __retarget_lock_release_recursive
 .text.memcpy   0x080072bc       0x1c c:/users/liamd/.platformio/packages/toolchain-gccarmnoneeabi/bin/../lib/gcc/arm-none-eabi/12.3.1/../../../../arm-none-eabi/lib/thumb/v7-m/nofp\libc_nano.a(libc_a-memcpy-stub.o)
                0x080072bc                memcpy
 .text._free_r  0x080072d8       0x90 c:/users/liamd/.platformio/packages/toolchain-gccarmnoneeabi/bin/../lib/gcc/arm-none-eabi/12.3.1/../../../../arm-none-eabi/lib/thumb/v7-m/nofp\libc_nano.a(libc_a-freer.o)
                0x080072d8                _free_r
 .text._malloc_usable_size_r
                0x08007368       0x10 c:/users/liamd/.platformio/packages/toolchain-gccarmnoneeabi/bin/../lib/gcc/arm-none-eabi/12.3.1/../../../../arm-none-eabi/lib/thumb/v7-m/nofp\libc_nano.a(libc_a-msizer.o)
                0x08007368                _malloc_usable_size_r
 .text.__ssputs_r
                0x08007378       0xb6 c:/users/liamd/.platformio/packages/toolchain-gccarmnoneeabi/bin/../lib/gcc/arm-none-eabi/12.3.1/../../../../arm-none-eabi/lib/thumb/v7-m/nofp\libc_nano.a(libc_a-nano-svfprintf.o)
                0x08007378                __ssputs_r
 *fill*         0x0800742e        0x2 
 .text._svfprintf_r
                0x08007430      0x1f8 c:/users/liamd/.platformio/packages/toolchain-gccarmnoneeabi/bin/../lib/gcc/arm-none-eabi/12.3.1/../../../../arm-none-eabi/lib/thumb/v7-m/nofp\libc_nano.a(libc_a-nano-svfprintf.o)
                0x08007430                _svfiprintf_r
                0x08007430                _svfprintf_r
 .text._printf_common
                0x08007628       0xe4 c:/users/liamd/.platformio/packages/toolchain-gccarmnoneeabi/bin/../lib/gcc/arm-none-eabi/12.3.1/../../../../arm-none-eabi/lib/thumb/v7-m/nofp\libc_nano.a(libc_a-nano-vfprintf_i.o)
                0x08007628                _printf_common
 .text._printf_i
                0x0800770c      0x258 c:/users/liamd/.platformio/packages/toolchain-gccarmnoneeabi/bin/../lib/gcc/arm-none-eabi/12.3.1/../../../../arm-none-eabi/lib/thumb/v7-m/nofp\libc_nano.a(libc_a-nano-vfprintf_i.o)
                0x0800770c                _printf_i
 .text.memchr   0x08007964       0x1c c:/users/liamd/.platformio/packages/toolchain-gccarmnoneeabi/bin/../lib/gcc/arm-none-eabi/12.3.1/../../../../arm-none-eabi/lib/thumb/v7-m/nofp\libc_nano.a(libc_a-memchr-stub.o)
                0x08007964                memchr
 *(.glue_7)
 .glue_7        0x08007980        0x0 linker stubs
 *(.glue_7t)
 .glue_7t       0x08007980        0x0 linker stubs
 *(.eh_frame)
 .eh_frame      0x08007980        0x0 c:/users/liamd/.platformio/packages/toolchain-gccarmnoneeabi/bin/../lib/gcc/arm-none-eabi/12.3.1/thumb/v7-m/nofp/crtbegin.o
 *(.init)
 .init          0x08007980        0x4 c:/users/liamd/.platformio/packages/toolchain-gccarmnoneeabi/bin/../lib/gcc/arm-none-eabi/12.3.1/thumb/v7-m/nofp/crti.o
                0x08007980                _init
 .init          0x08007984        0x8 c:/users/liamd/.platformio/packages/toolchain-gccarmnoneeabi/bin/../lib/gcc/arm-none-eabi/12.3.1/thumb/v7-m/nofp/crtn.o
 *(.fini)
 .fini          0x0800798c        0x4 c:/users/liamd/.platformio/packages/toolchain-gccarmnoneeabi/bin/../lib/gcc/arm-none-eabi/12.3.1/thumb/v7-m/nofp/crti.o
                0x0800798c                _fini
 .fini          0x08007990        0x8 c:/users/liamd/.platformio/packages/toolchain-gccarmnoneeabi/bin/../lib/gcc/arm-none-eabi/12.3.1/thumb/v7-m/nofp/crtn.o
                0x08007998                        . = ALIGN (0x4)
                0x08007998                        _etext = .

.vfp11_veneer   0x08007998        0x0
 .vfp11_veneer  0x08007998        0x0 linker stubs

.v4_bx          0x08007998        0x0
 .v4_bx         0x08007998        0x0 linker stubs

.iplt           0x08007998        0x0
 .iplt          0x08007998        0x0 c:/users/liamd/.platformio/packages/toolchain-gccarmnoneeabi/bin/../lib/gcc/arm-none-eabi/12.3.1/thumb/v7-m/nofp/crtbegin.o

.rodata         0x08007998     0x1084
                0x08007998                        . = ALIGN (0x4)
 *(.rodata)
 .rodata        0x08007998        0x5 .pio/build/stm32_canbus/libaef/libAimFlashTable.a(flash_table.cpp.o)
 *(.rodata*)
 *fill*         0x0800799d        0x3 
 .rodata.PinMap_SPI_SSEL
                0x080079a0       0x30 .pio/build/stm32_canbus/FrameworkArduinoVariant/PeripheralPins.c.o
                0x080079a0                PinMap_SPI_SSEL
 .rodata.PinMap_SPI_SCLK
                0x080079d0       0x30 .pio/build/stm32_canbus/FrameworkArduinoVariant/PeripheralPins.c.o
                0x080079d0                PinMap_SPI_SCLK
 .rodata.PinMap_SPI_MISO
                0x08007a00       0x30 .pio/build/stm32_canbus/FrameworkArduinoVariant/PeripheralPins.c.o
                0x08007a00                PinMap_SPI_MISO
 .rodata.PinMap_SPI_MOSI
                0x08007a30       0x30 .pio/build/stm32_canbus/FrameworkArduinoVariant/PeripheralPins.c.o
                0x08007a30                PinMap_SPI_MOSI
 .rodata.PinMap_UART_RX
                0x08007a60       0x3c .pio/build/stm32_canbus/FrameworkArduinoVariant/PeripheralPins.c.o
                0x08007a60                PinMap_UART_RX
 .rodata.PinMap_UART_TX
                0x08007a9c       0x3c .pio/build/stm32_canbus/FrameworkArduinoVariant/PeripheralPins.c.o
                0x08007a9c                PinMap_UART_TX
 .rodata.PinMap_TIM
                0x08007ad8      0x204 .pio/build/stm32_canbus/FrameworkArduinoVariant/PeripheralPins.c.o
                0x08007ad8                PinMap_TIM
 .rodata.analogInputPin
                0x08007cdc       0x28 .pio/build/stm32_canbus/FrameworkArduinoVariant/variant_generic.cpp.o
                0x08007cdc                analogInputPin
 .rodata.digitalPin
                0x08007d04       0x94 .pio/build/stm32_canbus/FrameworkArduinoVariant/variant_generic.cpp.o
                0x08007d04                digitalPin
 .rodata.aPredivFactorTable.0
                0x08007d98        0x2 .pio/build/stm32_canbus/SrcWrapper/src/HAL/stm32yyxx_hal_rcc.c.o
 .rodata.aPLLMULFactorTable.1
                0x08007d9a       0x10 .pio/build/stm32_canbus/SrcWrapper/src/HAL/stm32yyxx_hal_rcc.c.o
 .rodata.CSWTCH.75
                0x08007daa        0x4 .pio/build/stm32_canbus/SrcWrapper/src/HardwareTimer.cpp.o
 .rodata.CSWTCH.73
                0x08007dae        0x4 .pio/build/stm32_canbus/SrcWrapper/src/HardwareTimer.cpp.o
 .rodata.CSWTCH.71
                0x08007db2        0x6 .pio/build/stm32_canbus/SrcWrapper/src/HardwareTimer.cpp.o
 .rodata.pin_map_ll
                0x08007db8       0x40 .pio/build/stm32_canbus/SrcWrapper/src/stm32/pinmap.c.o
                0x08007db8                pin_map_ll
 .rodata.APBPrescTable
                0x08007df8        0x8 .pio/build/stm32_canbus/SrcWrapper/src/stm32/system_stm32yyxx.c.o
                0x08007df8                APBPrescTable
 .rodata.AHBPrescTable
                0x08007e00       0x10 .pio/build/stm32_canbus/SrcWrapper/src/stm32/system_stm32yyxx.c.o
                0x08007e00                AHBPrescTable
 .rodata._ZL8readCharv.str1.1
                0x08007e10       0x10 .pio/build/stm32_canbus/src/console.cpp.o
 .rodata._ZL8showMenu11ConsoleMenu.str1.1
                0x08007e20      0x123 .pio/build/stm32_canbus/src/console.cpp.o
 .rodata._ZL10setLogMaskhPKc.str1.1
                0x08007f43        0xf .pio/build/stm32_canbus/src/console.cpp.o
                                 0x11 (size before relaxing)
 .rodata._Z14consoleServicehm.str1.1
                0x08007f52       0xd7 .pio/build/stm32_canbus/src/console.cpp.o
                                 0xfb (size before relaxing)
 .rodata.str1.1
                0x08008029       0x1e .pio/build/stm32_canbus/src/console.cpp.o
 *fill*         0x08008047        0x1 
 .rodata._ZZL15printNodeHealthvE12kOriginNames
                0x08008048       0x18 .pio/build/stm32_canbus/src/console.cpp.o
 .rodata._Z12serviceCanRxm.str1.1
                0x08008060       0x46 .pio/build/stm32_canbus/src/main.cpp.o
 .rodata._Z12serviceCanTxmm.str1.1
                0x080080a6       0x24 .pio/build/stm32_canbus/src/main.cpp.o
 .rodata.setup.str1.1
                0x080080ca       0xae .pio/build/stm32_canbus/src/main.cpp.o
 .rodata._Z15runStateMachinemm.str1.1
                0x08008178       0x44 .pio/build/stm32_canbus/src/main.cpp.o
                                 0x4b (size before relaxing)
 .rodata.str1.1
                0x080081bc       0x44 .pio/build/stm32_canbus/src/main.cpp.o
 .rodata._ZZ15runStateMachinemmE8kDumpMsg
                0x08008200       0x14 .pio/build/stm32_canbus/src/main.cpp.o
 .rodata._ZL16g_trackedOrigins
                0x08008214        0x6 .pio/build/stm32_canbus/src/main.cpp.o
 .rodata._ZN6Logger13levelToStringE8LogLevel.str1.1
                0x0800821a        0x6 .pio/build/stm32_canbus/libd25/libAimLogger.a(logger.cpp.o)
 .rodata._ZN6Logger3logE8LogLevelPKcz.str1.1
                0x08008220       0x16 .pio/build/stm32_canbus/libd25/libAimLogger.a(logger.cpp.o)
 .rodata.str1.1
                0x08008236       0x12 .pio/build/stm32_canbus/libd25/libAimLogger.a(logger.cpp.o)
                                 0x18 (size before relaxing)
 .rodata.CSWTCH.8
                0x08008248       0x20 .pio/build/stm32_canbus/libd25/libAimLogger.a(logger.cpp.o)
 .rodata._ZN12AimCanDriver12unpackAimPktERKN15AimStm32CanCore5FrameER6aimPkt.str1.1
                0x08008268       0x4f .pio/build/stm32_canbus/lib067/libAimNetwork.a(aim_can_driver.cpp.o)
 .rodata._ZNK12AimCanDriver10logFailureEbt.str1.1
                0x080082b7       0x96 .pio/build/stm32_canbus/lib067/libAimNetwork.a(aim_can_driver.cpp.o)
 .rodata._ZN12AimCanDriver5beginEv.str1.1
                0x0800834d       0x39 .pio/build/stm32_canbus/lib067/libAimNetwork.a(aim_can_driver.cpp.o)
 .rodata._ZN12AimCanDriver8transmitERK6aimPkt.str1.1
                0x08008386       0x6d .pio/build/stm32_canbus/lib067/libAimNetwork.a(aim_can_driver.cpp.o)
 .rodata._ZN12AimCanDriver7receiveER6aimPkt.str1.1
                0x080083f3       0x72 .pio/build/stm32_canbus/lib067/libAimNetwork.a(aim_can_driver.cpp.o)
 .rodata._ZN10AimNetwork7sendPktERK6aimPkt.str1.1
                0x08008465       0x6a .pio/build/stm32_canbus/lib067/libAimNetwork.a(aim_network.cpp.o)
 .rodata._ZN10AimNetwork9sendPkt64Eyhh.str1.1
                0x080084cf       0x44 .pio/build/stm32_canbus/lib067/libAimNetwork.a(aim_network.cpp.o)
 .rodata._ZN10AimNetwork9sendPkt32Emmhh.str1.1
                0x08008513       0x35 .pio/build/stm32_canbus/lib067/libAimNetwork.a(aim_network.cpp.o)
 .rodata._ZN10AimNetwork7readPktER6aimPkt.str1.1
                0x08008548       0x33 .pio/build/stm32_canbus/lib067/libAimNetwork.a(aim_network.cpp.o)
 .rodata._ZN10AimNetwork22configureHealthMonitorEPKhhP13AimNodeHealthmm.str1.1
                0x0800857b       0x88 .pio/build/stm32_canbus/lib067/libAimNetwork.a(aim_network.cpp.o)
 .rodata._ZN15AimStm32CanCore15configureTimingEv.str1.1
                0x08008603       0xd6 .pio/build/stm32_canbus/lib067/libAimNetwork.a(aim_stm32_can_core.cpp.o)
 .rodata._ZN15AimStm32CanCore5beginEv.str1.1
                0x080086d9      0x1d5 .pio/build/stm32_canbus/lib067/libAimNetwork.a(aim_stm32_can_core.cpp.o)
 .rodata._ZN12_GLOBAL__N_1L17kTimingCandidatesE
                0x080088ae       0x14 .pio/build/stm32_canbus/lib067/libAimNetwork.a(aim_stm32_can_core.cpp.o)
 .rodata._ZN10FlashTable12commandEraseEP6Stream.str1.1
                0x080088c2       0x3d .pio/build/stm32_canbus/libaef/libAimFlashTable.a(flash_table.cpp.o)
 .rodata._ZN10FlashTable11commandInfoEP6Stream.str1.1
                0x080088ff       0x1e .pio/build/stm32_canbus/libaef/libAimFlashTable.a(flash_table.cpp.o)
 .rodata._ZN10FlashTable11commandDumpEP6StreammPmS2_.str1.1
                0x0800891d       0x52 .pio/build/stm32_canbus/libaef/libAimFlashTable.a(flash_table.cpp.o)
 .rodata._ZN10FlashTable11serviceDumpEP6Streamt.str1.1
                0x0800896f        0x2 .pio/build/stm32_canbus/libaef/libAimFlashTable.a(flash_table.cpp.o)
                                  0x5 (size before relaxing)
 .rodata._ZZN10FlashTable12writeHexByteEP6StreamhE10kHexDigits
                0x08008971       0x11 .pio/build/stm32_canbus/libaef/libAimFlashTable.a(flash_table.cpp.o)
 *fill*         0x08008982        0x2 
 .rodata._ZTV14SoftwareSerial
                0x08008984       0x34 .pio/build/stm32_canbus/lib571/libSoftwareSerial.a(SoftwareSerial.cpp.o)
                0x08008984                vtable for SoftwareSerial
 .rodata._ZTV14HardwareSerial
                0x080089b8       0x2c .pio/build/stm32_canbus/libFrameworkArduino.a(HardwareSerial.cpp.o)
                0x080089b8                vtable for HardwareSerial
 .rodata._ZN5Print7printlnEv.str1.1
                0x080089e4        0x3 .pio/build/stm32_canbus/libFrameworkArduino.a(Print.cpp.o)
 .rodata._svfprintf_r.str1.1
                0x080089e7       0x11 c:/users/liamd/.platformio/packages/toolchain-gccarmnoneeabi/bin/../lib/gcc/arm-none-eabi/12.3.1/../../../../arm-none-eabi/lib/thumb/v7-m/nofp\libc_nano.a(libc_a-nano-svfprintf.o)
 .rodata._printf_i.str1.1
                0x080089f8       0x22 c:/users/liamd/.platformio/packages/toolchain-gccarmnoneeabi/bin/../lib/gcc/arm-none-eabi/12.3.1/../../../../arm-none-eabi/lib/thumb/v7-m/nofp\libc_nano.a(libc_a-nano-vfprintf_i.o)
                0x08008a1c                        . = ALIGN (0x4)
 *fill*         0x08008a1a        0x2 

.ARM.extab      0x08008a1c        0x0
                0x08008a1c                        . = ALIGN (0x4)
 *(.ARM.extab* .gnu.linkonce.armextab.*)
                0x08008a1c                        . = ALIGN (0x4)

.ARM            0x08008a1c        0x8
                0x08008a1c                        . = ALIGN (0x4)
                0x08008a1c                        __exidx_start = .
 *(.ARM.exidx*)